Archive member included to satisfy reference by file (symbol)

hal/libhal.a(aux_timer.c.obj)
                              CMakeFiles/lx.elf.dir/main.cpp.obj (aux_timer_init)
hal/libhal.a(button.c.obj)    CMakeFiles/lx.elf.dir/main.cpp.obj (button_init)
hal/libhal.a(io.c.obj)        CMakeFiles/lx.elf.dir/main.cpp.obj (io_init)
hal/libhal.a(lcd.c.obj)       CMakeFiles/lx.elf.dir/main.cpp.obj (hal_lcd_set_mode)
hal/libhal.a(rtc.c.obj)       CMakeFiles/lx.elf.dir/main.cpp.obj (rtc_init)
hal/libhal.a(segmap.c.obj)    hal/libhal.a(lcd.c.obj) (tgt_lcd_map)
hal/libhal.a(wdt.c.obj)       CMakeFiles/lx.elf.dir/main.cpp.obj (wdt_clear)
../common/app/cpp/libcppapp.a(timeDisplay.cpp.obj)
                              CMakeFiles/lx.elf.dir/main.cpp.obj (_ZGIW2fwW11timeDisplay)
../common/app/cpp/libcppapp.a(effectTester.cpp.obj)
                              CMakeFiles/lx.elf.dir/main.cpp.obj (_ZGIW2fwW12effectTester)
../common/app/cpp/libcppapp.a(buttonTester.cpp.obj)
                              CMakeFiles/lx.elf.dir/main.cpp.obj (_ZGIW2fwW12buttonTester)
../common/app/cpp/libcppapp.a(createComponent.cpp.obj)
                              ../common/app/cpp/libcppapp.a(timeDisplay.cpp.obj) (_ZNW2fwW15createComponent13ComponentData11getHookDataEv)
../common/app/cpp/libcppapp.a(useEffect.cpp.obj)
                              ../common/app/cpp/libcppapp.a(effectTester.cpp.obj) (_ZGIW2fwW9useEffect)
../common/app/cpp/libcppapp.a(useButton.cpp.obj)
                              ../common/app/cpp/libcppapp.a(buttonTester.cpp.obj) (_ZGIW2fwW9useButton)
../common/app/cpp/libcppapp.a(useState.cpp.obj)
                              ../common/app/cpp/libcppapp.a(timeDisplay.cpp.obj) (_ZGIW2fwW8useState)
../common/app/cpp/libcppapp.a(useGlobalState.cpp.obj)
                              ../common/app/cpp/libcppapp.a(timeDisplay.cpp.obj) (_ZGIW2fwW14useGlobalState)
../common/app/cpp/libcppapp.a(useUnmountAction.cpp.obj)
                              ../common/app/cpp/libcppapp.a(effectTester.cpp.obj) (_ZGIW2fwW16useUnmountAction)
../common/app/cpp/libcppapp.a(queue.cpp.obj)
                              ../common/app/cpp/libcppapp.a(timeDisplay.cpp.obj) (_ZGIW2fwW5queue)
../common/app/cpp/libcppapp.a(loop.cpp.obj)
                              CMakeFiles/lx.elf.dir/main.cpp.obj (_ZW2fwW4loop13frameworkInitv)
../common/app/cpp/libcppapp.a(root.cpp.obj)
                              ../common/app/cpp/libcppapp.a(loop.cpp.obj) (_ZW2fwW4root4rootPS_W5state5StateRKSt6vectorIiSaIiEE)
../common/app/cpp/libcppapp.a(eventQueue.cpp.obj)
                              ../common/app/cpp/libcppapp.a(loop.cpp.obj) (_ZW2fwW10eventQueue10eventQueue)
../common/app/cpp/libcppapp.a(state.cpp.obj)
                              ../common/app/cpp/libcppapp.a(loop.cpp.obj) (_ZNW2fwW5state5State7realizeEv)
../common/app/cpp/libcppapp.a(event.cpp.obj)
                              ../common/app/cpp/libcppapp.a(loop.cpp.obj) (_ZNW2fwW5event10StateEventC1EPS_W15createComponent13ComponentData)
../common/svc/libservice.a(init.c.obj)
                              CMakeFiles/lx.elf.dir/main.cpp.obj (svc_init)
../common/svc/libservice.a(lcd.c.obj)
                              ../common/app/cpp/libcppapp.a(state.cpp.obj) (svc_lcd_putc)
../common/svc/libservice.a(ad.c.obj)
                              ../common/svc/libservice.a(lcd.c.obj) (svc_lcd_map_ad)
../common/svc/libservice.a(adg.c.obj)
                              ../common/svc/libservice.a(lcd.c.obj) (svc_lcd_map_adg)
../common/svc/libservice.a(dig8.c.obj)
                              ../common/svc/libservice.a(lcd.c.obj) (svc_lcd_map_dig8)
../common/svc/libservice.a(dig9.c.obj)
                              ../common/svc/libservice.a(lcd.c.obj) (svc_lcd_map_dig9)
../common/svc/libservice.a(normal.c.obj)
                              ../common/svc/libservice.a(lcd.c.obj) (svc_lcd_map_normal)
../common/svc/libservice.a(itoa_tab.c.obj)
                              ../common/svc/libservice.a(lcd.c.obj) (svc_itoa_tab)
hal/libhal.a(beepled.c.obj)   ../common/app/cpp/libcppapp.a(state.cpp.obj) (hal_beep)
hal/libhal.a(crypto.c.obj)    ../common/svc/libservice.a(init.c.obj) (hal_aes_init)
hal/libhal.a(aes256.c.obj)    hal/libhal.a(crypto.c.obj) (AES256_decryptData)
/nix/store/f1idgwsw2ag93nb7lbycn2cs2h7ihf23-msp430-elf-stage-final-gcc-debug-12.1.0/lib/gcc/msp430-elf/12.1.0/../../../../msp430-elf/lib/no-exceptions/libstdc++.a(class_type_info.o)
                              ../common/app/cpp/libcppapp.a(createComponent.cpp.obj) (vtable for __cxxabiv1::__class_type_info)
/nix/store/f1idgwsw2ag93nb7lbycn2cs2h7ihf23-msp430-elf-stage-final-gcc-debug-12.1.0/lib/gcc/msp430-elf/12.1.0/../../../../msp430-elf/lib/no-exceptions/libstdc++.a(del_ops.o)
                              ../common/app/cpp/libcppapp.a(effectTester.cpp.obj) (operator delete(void*, unsigned int))
[...]
Memory Configuration

Name             Origin             Length             Attributes
TINYRAM          0x0000000000000006 0x000000000000001a
BSL              0x0000000000001000 0x0000000000000800
RAM              0x0000000000001c00 0x0000000000000800
INFOMEM          0x0000000000001800 0x0000000000000200
INFOA            0x0000000000001980 0x0000000000000080
INFOB            0x0000000000001900 0x0000000000000080
INFOC            0x0000000000001880 0x0000000000000080
INFOD            0x0000000000001800 0x0000000000000080
FRAM             0x0000000000004400 0x000000000000bb80 xr
HIFRAM           0x0000000000010000 0x0000000000003ff7 xrw
JTAGSIGNATURE    0x000000000000ff80 0x0000000000000004
BSLSIGNATURE     0x000000000000ff84 0x0000000000000004
IPESIGNATURE     0x000000000000ff88 0x0000000000000008
VECT1            0x000000000000ff90 0x0000000000000002
VECT2            0x000000000000ff92 0x0000000000000002
VECT3            0x000000000000ff94 0x0000000000000002
VECT4            0x000000000000ff96 0x0000000000000002
VECT5            0x000000000000ff98 0x0000000000000002
VECT6            0x000000000000ff9a 0x0000000000000002
VECT7            0x000000000000ff9c 0x0000000000000002
VECT8            0x000000000000ff9e 0x0000000000000002
VECT9            0x000000000000ffa0 0x0000000000000002
VECT10           0x000000000000ffa2 0x0000000000000002
VECT11           0x000000000000ffa4 0x0000000000000002
VECT12           0x000000000000ffa6 0x0000000000000002
VECT13           0x000000000000ffa8 0x0000000000000002
VECT14           0x000000000000ffaa 0x0000000000000002
VECT15           0x000000000000ffac 0x0000000000000002
VECT16           0x000000000000ffae 0x0000000000000002
VECT17           0x000000000000ffb0 0x0000000000000002
VECT18           0x000000000000ffb2 0x0000000000000002
VECT19           0x000000000000ffb4 0x0000000000000002
VECT20           0x000000000000ffb6 0x0000000000000002
VECT21           0x000000000000ffb8 0x0000000000000002
VECT22           0x000000000000ffba 0x0000000000000002
VECT23           0x000000000000ffbc 0x0000000000000002
VECT24           0x000000000000ffbe 0x0000000000000002
VECT25           0x000000000000ffc0 0x0000000000000002
VECT26           0x000000000000ffc2 0x0000000000000002
VECT27           0x000000000000ffc4 0x0000000000000002
VECT28           0x000000000000ffc6 0x0000000000000002
VECT29           0x000000000000ffc8 0x0000000000000002
VECT30           0x000000000000ffca 0x0000000000000002
VECT31           0x000000000000ffcc 0x0000000000000002
VECT32           0x000000000000ffce 0x0000000000000002
VECT33           0x000000000000ffd0 0x0000000000000002
VECT34           0x000000000000ffd2 0x0000000000000002
VECT35           0x000000000000ffd4 0x0000000000000002
VECT36           0x000000000000ffd6 0x0000000000000002
VECT37           0x000000000000ffd8 0x0000000000000002
VECT38           0x000000000000ffda 0x0000000000000002
VECT39           0x000000000000ffdc 0x0000000000000002
VECT40           0x000000000000ffde 0x0000000000000002
VECT41           0x000000000000ffe0 0x0000000000000002
VECT42           0x000000000000ffe2 0x0000000000000002
VECT43           0x000000000000ffe4 0x0000000000000002
VECT44           0x000000000000ffe6 0x0000000000000002
VECT45           0x000000000000ffe8 0x0000000000000002
VECT46           0x000000000000ffea 0x0000000000000002
VECT47           0x000000000000ffec 0x0000000000000002
VECT48           0x000000000000ffee 0x0000000000000002
VECT49           0x000000000000fff0 0x0000000000000002
VECT50           0x000000000000fff2 0x0000000000000002
VECT51           0x000000000000fff4 0x0000000000000002
VECT52           0x000000000000fff6 0x0000000000000002
VECT53           0x000000000000fff8 0x0000000000000002
VECT54           0x000000000000fffa 0x0000000000000002
VECT55           0x000000000000fffc 0x0000000000000002
RESETVEC         0x000000000000fffe 0x0000000000000002
*default*        0x0000000000000000 0xffffffffffffffff

Linker script and memory map

LOAD /nix/store/xwlvwp1rmp24gg1s2d7jjw6d5yi6x270-msp430-newlib-msp430-elf-4.1.0/msp430-elf/lib/no-exceptions/crt0.o
LOAD /nix/store/f1idgwsw2ag93nb7lbycn2cs2h7ihf23-msp430-elf-stage-final-gcc-debug-12.1.0/lib/gcc/msp430-elf/12.1.0/no-exceptions/crtbegin_no_eh.o
LOAD CMakeFiles/lx.elf.dir/main.cpp.obj
LOAD hal/libhal.a
LOAD ../common/app/cpp/libcppapp.a
LOAD ../common/svc/libservice.a
LOAD hal/libhal.a
LOAD /nix/store/f1idgwsw2ag93nb7lbycn2cs2h7ihf23-msp430-elf-stage-final-gcc-debug-12.1.0/lib/gcc/msp430-elf/12.1.0/../../../../msp430-elf/lib/no-exceptions/libstdc++.a
LOAD /nix/store/xwlvwp1rmp24gg1s2d7jjw6d5yi6x270-msp430-newlib-msp430-elf-4.1.0/msp430-elf/lib/libm.a
LOAD /nix/store/f1idgwsw2ag93nb7lbycn2cs2h7ihf23-msp430-elf-stage-final-gcc-debug-12.1.0/lib/gcc/msp430-elf/12.1.0/no-exceptions/libgcc.a
START GROUP
LOAD /nix/store/f1idgwsw2ag93nb7lbycn2cs2h7ihf23-msp430-elf-stage-final-gcc-debug-12.1.0/lib/gcc/msp430-elf/12.1.0/no-exceptions/libmul_f5.a
LOAD /nix/store/xwlvwp1rmp24gg1s2d7jjw6d5yi6x270-msp430-newlib-msp430-elf-4.1.0/msp430-elf/lib/libc.a
LOAD /nix/store/f1idgwsw2ag93nb7lbycn2cs2h7ihf23-msp430-elf-stage-final-gcc-debug-12.1.0/lib/gcc/msp430-elf/12.1.0/no-exceptions/libgcc.a
LOAD /nix/store/xwlvwp1rmp24gg1s2d7jjw6d5yi6x270-msp430-newlib-msp430-elf-4.1.0/msp430-elf/lib/libcrt.a
LOAD /nix/store/xwlvwp1rmp24gg1s2d7jjw6d5yi6x270-msp430-newlib-msp430-elf-4.1.0/msp430-elf/lib/libnosys.a
END GROUP
LOAD /nix/store/f1idgwsw2ag93nb7lbycn2cs2h7ihf23-msp430-elf-stage-final-gcc-debug-12.1.0/lib/gcc/msp430-elf/12.1.0/no-exceptions/libgcc.a
LOAD /nix/store/f1idgwsw2ag93nb7lbycn2cs2h7ihf23-msp430-elf-stage-final-gcc-debug-12.1.0/lib/gcc/msp430-elf/12.1.0/no-exceptions/crtend_no_eh.o
LOAD /nix/store/f1idgwsw2ag93nb7lbycn2cs2h7ihf23-msp430-elf-stage-final-gcc-debug-12.1.0/lib/gcc/msp430-elf/12.1.0/no-exceptions/libgcc.a

.jtagsignature

.bslsignature

.ipe
 *(.ipesignature)
 *(.jtagpassword)

__interrupt_vector_1
 *(__interrupt_vector_1)

__interrupt_vector_2
 *(__interrupt_vector_2)

__interrupt_vector_3
 *(__interrupt_vector_3)

__interrupt_vector_4
 *(__interrupt_vector_4)

__interrupt_vector_5
 *(__interrupt_vector_5)

__interrupt_vector_6
 *(__interrupt_vector_6)

__interrupt_vector_7
 *(__interrupt_vector_7)

__interrupt_vector_8
 *(__interrupt_vector_8)

__interrupt_vector_9
 *(__interrupt_vector_9)

__interrupt_vector_10
 *(__interrupt_vector_10)

__interrupt_vector_11
 *(__interrupt_vector_11)

__interrupt_vector_12
 *(__interrupt_vector_12)

__interrupt_vector_13
 *(__interrupt_vector_13)

__interrupt_vector_14
 *(__interrupt_vector_14)

__interrupt_vector_15
 *(__interrupt_vector_15)

__interrupt_vector_16
 *(__interrupt_vector_16)

__interrupt_vector_17
 *(__interrupt_vector_17)

__interrupt_vector_18
 *(__interrupt_vector_18)

__interrupt_vector_19
 *(__interrupt_vector_19)

__interrupt_vector_20
 *(__interrupt_vector_20)

__interrupt_vector_21
 *(__interrupt_vector_21)

__interrupt_vector_22
 *(__interrupt_vector_22)

__interrupt_vector_23
 *(__interrupt_vector_23)

__interrupt_vector_24
 *(__interrupt_vector_24)

__interrupt_vector_25
 *(__interrupt_vector_25)

__interrupt_vector_26
 *(__interrupt_vector_26)

__interrupt_vector_27
 *(__interrupt_vector_27)

__interrupt_vector_28
 *(__interrupt_vector_28)
 *(__interrupt_vector_aes256)

__interrupt_vector_29
                0x000000000000ffc8        0x2
 *(__interrupt_vector_29)
 __interrupt_vector_29
                0x000000000000ffc8        0x2 hal/libhal.a(rtc.c.obj)
 *(__interrupt_vector_rtc)

__interrupt_vector_30
 *(__interrupt_vector_30)
 *(__interrupt_vector_lcd_c)

__interrupt_vector_31
 *(__interrupt_vector_31)
 *(__interrupt_vector_port4)

__interrupt_vector_32
 *(__interrupt_vector_32)
 *(__interrupt_vector_port3)

__interrupt_vector_33
                0x000000000000ffd0        0x2
 *(__interrupt_vector_33)
 __interrupt_vector_33
                0x000000000000ffd0        0x2 hal/libhal.a(button.c.obj)
 *(__interrupt_vector_timer3_a1)

__interrupt_vector_34
 *(__interrupt_vector_34)
 *(__interrupt_vector_timer3_a0)

__interrupt_vector_35
 *(__interrupt_vector_35)
 *(__interrupt_vector_port2)

__interrupt_vector_36
                0x000000000000ffd6        0x2
 *(__interrupt_vector_36)
 __interrupt_vector_36
                0x000000000000ffd6        0x2 hal/libhal.a(aux_timer.c.obj)
 *(__interrupt_vector_timer2_a1)

__interrupt_vector_37
 *(__interrupt_vector_37)
 *(__interrupt_vector_timer2_a0)

__interrupt_vector_38
 *(__interrupt_vector_38)
 *(__interrupt_vector_port1)

__interrupt_vector_39
                0x000000000000ffdc        0x2
 *(__interrupt_vector_39)
 __interrupt_vector_39
                0x000000000000ffdc        0x2 hal/libhal.a(button.c.obj)
 *(__interrupt_vector_timer1_a1)

__interrupt_vector_40
 *(__interrupt_vector_40)
 *(__interrupt_vector_timer1_a0)

__interrupt_vector_41
 *(__interrupt_vector_41)
 *(__interrupt_vector_dma)

__interrupt_vector_42
 *(__interrupt_vector_42)
 *(__interrupt_vector_usci_b1)

__interrupt_vector_43
 *(__interrupt_vector_43)
 *(__interrupt_vector_usci_a1)

__interrupt_vector_44
 *(__interrupt_vector_44)
 *(__interrupt_vector_timer0_a1)

__interrupt_vector_45
 *(__interrupt_vector_45)
 *(__interrupt_vector_timer0_a0)

__interrupt_vector_46
 *(__interrupt_vector_46)
 *(__interrupt_vector_adc12)

__interrupt_vector_47
 *(__interrupt_vector_47)
 *(__interrupt_vector_usci_b0)

__interrupt_vector_48
 *(__interrupt_vector_48)
 *(__interrupt_vector_usci_a0)

__interrupt_vector_49
 *(__interrupt_vector_49)

__interrupt_vector_50
 *(__interrupt_vector_50)
 *(__interrupt_vector_wdt)

__interrupt_vector_51
 *(__interrupt_vector_51)
 *(__interrupt_vector_timer0_b1)

__interrupt_vector_52
 *(__interrupt_vector_52)
 *(__interrupt_vector_timer0_b0)

__interrupt_vector_53
 *(__interrupt_vector_53)
 *(__interrupt_vector_comp_e)

__interrupt_vector_54
 *(__interrupt_vector_54)
 *(__interrupt_vector_unmi)

__interrupt_vector_55
 *(__interrupt_vector_55)
 *(__interrupt_vector_sysnmi)

__reset_vector  0x000000000000fffe        0x2
 *(__interrupt_vector_56)
 *(__interrupt_vector_reset)
 *(.resetvec)
 .resetvec      0x000000000000fffe        0x2 /nix/store/xwlvwp1rmp24gg1s2d7jjw6d5yi6x270-msp430-newlib-msp430-elf-4.1.0/msp430-elf/lib/no-exceptions/crt0.o

.lower.rodata   0x0000000000004400        0x0
                0x0000000000004400                . = ALIGN (0x2)
 *(.lower.rodata.* .lower.rodata)

.rodata         0x0000000000004400      0x4ea
                0x0000000000004400                . = ALIGN (0x2)
 *(.plt)
 *(.rodata .rodata.* .gnu.linkonce.r.* .const .const:*)
 .rodata.stab   0x0000000000004400        0x8 hal/libhal.a(lcd.c.obj)
 .rodata.tgt_lcd_map
                0x0000000000004408       0xf6 hal/libhal.a(segmap.c.obj)
                0x0000000000004408                tgt_lcd_map
 .rodata        0x00000000000044fe       0x31 ../common/app/cpp/libcppapp.a(effectTester.cpp.obj)
 .rodata        0x000000000000452f       0x1a ../common/app/cpp/libcppapp.a(createComponent.cpp.obj)
 .rodata._ZTSSt11_Mutex_baseILN9__gnu_cxx12_Lock_policyE0EE
                0x0000000000004549       0x2f ../common/app/cpp/libcppapp.a(createComponent.cpp.obj)
                0x0000000000004549                typeinfo name for std::_Mutex_base<(__gnu_cxx::_Lock_policy)0>
 .rodata._ZTISt11_Mutex_baseILN9__gnu_cxx12_Lock_policyE0EE
                0x0000000000004578        0x4 ../common/app/cpp/libcppapp.a(createComponent.cpp.obj)
                0x0000000000004578                typeinfo for std::_Mutex_base<(__gnu_cxx::_Lock_policy)0>
 .rodata._ZTSSt16_Sp_counted_baseILN9__gnu_cxx12_Lock_policyE0EE
                0x000000000000457c       0x34 ../common/app/cpp/libcppapp.a(createComponent.cpp.obj)
                0x000000000000457c                typeinfo name for std::_Sp_counted_base<(__gnu_cxx::_Lock_policy)0>
 .rodata._ZTISt16_Sp_counted_baseILN9__gnu_cxx12_Lock_policyE0EE
                0x00000000000045b0        0x6 ../common/app/cpp/libcppapp.a(createComponent.cpp.obj)
                0x00000000000045b0                typeinfo for std::_Sp_counted_base<(__gnu_cxx::_Lock_policy)0>
 .rodata._ZTSSt15_Sp_counted_ptrIPW2fwW5state5StateLN9__gnu_cxx12_Lock_policyE0EE
                0x00000000000045b6       0x45 ../common/app/cpp/libcppapp.a(createComponent.cpp.obj)
                0x00000000000045b6                _ZTSSt15_Sp_counted_ptrIPW2fwW5state5StateLN9__gnu_cxx12_Lock_policyE0EE
 *fill*         0x00000000000045fb        0x1 
 .rodata._ZTISt15_Sp_counted_ptrIPW2fwW5state5StateLN9__gnu_cxx12_Lock_policyE0EE
                0x00000000000045fc        0x6 ../common/app/cpp/libcppapp.a(createComponent.cpp.obj)
                0x00000000000045fc                _ZTISt15_Sp_counted_ptrIPW2fwW5state5StateLN9__gnu_cxx12_Lock_policyE0EE
 .rodata._ZTVSt16_Sp_counted_baseILN9__gnu_cxx12_Lock_policyE0EE
                0x0000000000004602        0xe ../common/app/cpp/libcppapp.a(createComponent.cpp.obj)
                0x0000000000004602                vtable for std::_Sp_counted_base<(__gnu_cxx::_Lock_policy)0>
 .rodata._ZTVSt15_Sp_counted_ptrIPW2fwW5state5StateLN9__gnu_cxx12_Lock_policyE0EE
                0x0000000000004610        0xe ../common/app/cpp/libcppapp.a(createComponent.cpp.obj)
                0x0000000000004610                _ZTVSt15_Sp_counted_ptrIPW2fwW5state5StateLN9__gnu_cxx12_Lock_policyE0EE
 .rodata.digit_maps
                0x000000000000461e       0x14 ../common/svc/libservice.a(lcd.c.obj)
 .rodata.svc_lcd_map_ad
                0x0000000000004632        0x6 ../common/svc/libservice.a(ad.c.obj)
                0x0000000000004632                svc_lcd_map_ad
 .rodata.map    0x0000000000004638       0x26 ../common/svc/libservice.a(ad.c.obj)
 .rodata.svc_lcd_map_adg
                0x000000000000465e        0x6 ../common/svc/libservice.a(adg.c.obj)
                0x000000000000465e                svc_lcd_map_adg
 .rodata.map    0x0000000000004664        0x4 ../common/svc/libservice.a(adg.c.obj)
 .rodata.svc_lcd_map_dig8
                0x0000000000004668        0x6 ../common/svc/libservice.a(dig8.c.obj)
                0x0000000000004668                svc_lcd_map_dig8
 .rodata.map    0x000000000000466e       0x4c ../common/svc/libservice.a(dig8.c.obj)
 .rodata.svc_lcd_map_dig9
                0x00000000000046ba        0x6 ../common/svc/libservice.a(dig9.c.obj)
                0x00000000000046ba                svc_lcd_map_dig9
 .rodata.map    0x00000000000046c0       0x25 ../common/svc/libservice.a(dig9.c.obj)
 *fill*         0x00000000000046e5        0x1 
 .rodata.svc_lcd_map_normal
                0x00000000000046e6        0x6 ../common/svc/libservice.a(normal.c.obj)
                0x00000000000046e6                svc_lcd_map_normal
 .rodata.map    0x00000000000046ec       0x26 ../common/svc/libservice.a(normal.c.obj)
 .rodata._ZTSN10__cxxabiv117__class_type_infoE
                0x0000000000004712       0x22 /nix/store/f1idgwsw2ag93nb7lbycn2cs2h7ihf23-msp430-elf-stage-final-gcc-debug-12.1.0/lib/gcc/msp430-elf/12.1.0/../../../../msp430-elf/lib/no-exceptions/libstdc++.a(class_type_info.o)
                0x0000000000004712                typeinfo name for __cxxabiv1::__class_type_info
 .rodata._ZTIN10__cxxabiv117__class_type_infoE
                0x0000000000004734        0x6 /nix/store/f1idgwsw2ag93nb7lbycn2cs2h7ihf23-msp430-elf-stage-final-gcc-debug-12.1.0/lib/gcc/msp430-elf/12.1.0/../../../../msp430-elf/lib/no-exceptions/libstdc++.a(class_type_info.o)
                0x0000000000004734                typeinfo for __cxxabiv1::__class_type_info
 .rodata._ZTVN10__cxxabiv117__class_type_infoE
                0x000000000000473a       0x16 /nix/store/f1idgwsw2ag93nb7lbycn2cs2h7ihf23-msp430-elf-stage-final-gcc-debug-12.1.0/lib/gcc/msp430-elf/12.1.0/../../../../msp430-elf/lib/no-exceptions/libstdc++.a(class_type_info.o)
                0x000000000000473a                vtable for __cxxabiv1::__class_type_info
 .rodata._ZTSN10__cxxabiv120__si_class_type_infoE
                0x0000000000004750       0x25 /nix/store/f1idgwsw2ag93nb7lbycn2cs2h7ihf23-msp430-elf-stage-final-gcc-debug-12.1.0/lib/gcc/msp430-elf/12.1.0/../../../../msp430-elf/lib/no-exceptions/libstdc++.a(si_class_type_info.o)
                0x0000000000004750                typeinfo name for __cxxabiv1::__si_class_type_info
 *fill*         0x0000000000004775        0x1 
 .rodata._ZTIN10__cxxabiv120__si_class_type_infoE
                0x0000000000004776        0x6 /nix/store/f1idgwsw2ag93nb7lbycn2cs2h7ihf23-msp430-elf-stage-final-gcc-debug-12.1.0/lib/gcc/msp430-elf/12.1.0/../../../../msp430-elf/lib/no-exceptions/libstdc++.a(si_class_type_info.o)
                0x0000000000004776                typeinfo for __cxxabiv1::__si_class_type_info
 .rodata._ZTVN10__cxxabiv120__si_class_type_infoE
                0x000000000000477c       0x16 /nix/store/f1idgwsw2ag93nb7lbycn2cs2h7ihf23-msp430-elf-stage-final-gcc-debug-12.1.0/lib/gcc/msp430-elf/12.1.0/../../../../msp430-elf/lib/no-exceptions/libstdc++.a(si_class_type_info.o)
                0x000000000000477c                vtable for __cxxabiv1::__si_class_type_info
 .rodata._ZTSSt9type_info
                0x0000000000004792        0xd /nix/store/f1idgwsw2ag93nb7lbycn2cs2h7ihf23-msp430-elf-stage-final-gcc-debug-12.1.0/lib/gcc/msp430-elf/12.1.0/../../../../msp430-elf/lib/no-exceptions/libstdc++.a(tinfo.o)
                0x0000000000004792                typeinfo name for std::type_info
 *fill*         0x000000000000479f        0x1 
 .rodata._ZTISt9type_info
                0x00000000000047a0        0x4 /nix/store/f1idgwsw2ag93nb7lbycn2cs2h7ihf23-msp430-elf-stage-final-gcc-debug-12.1.0/lib/gcc/msp430-elf/12.1.0/../../../../msp430-elf/lib/no-exceptions/libstdc++.a(tinfo.o)
                0x00000000000047a0                typeinfo for std::type_info
 .rodata._ctype_
                0x00000000000047a4      0x101 /nix/store/xwlvwp1rmp24gg1s2d7jjw6d5yi6x270-msp430-newlib-msp430-elf-4.1.0/msp430-elf/lib/libc.a(lib_a-ctype_.o)
                0x00000000000047a4                _ctype_
 *fill*         0x00000000000048a5        0x1 
 .rodata.__on_exit_args
                0x00000000000048a6        0x2 /nix/store/xwlvwp1rmp24gg1s2d7jjw6d5yi6x270-msp430-newlib-msp430-elf-4.1.0/msp430-elf/lib/libc.a(lib_a-on_exit_args.o)
                0x00000000000048a6                __on_exit_args
 .rodata._global_impure_ptr
                0x00000000000048a8        0x2 /nix/store/xwlvwp1rmp24gg1s2d7jjw6d5yi6x270-msp430-newlib-msp430-elf-4.1.0/msp430-elf/lib/libc.a(lib_a-impure.o)
                0x00000000000048a8                _global_impure_ptr
 .rodata        0x00000000000048aa       0x1a /nix/store/xwlvwp1rmp24gg1s2d7jjw6d5yi6x270-msp430-newlib-msp430-elf-4.1.0/msp430-elf/lib/libnosys.a(sbrk.o)
 *(.rodata1)
 *(.gcc_except_table)
 *(.gcc_except_table.*)
                0x00000000000048c4                . = ALIGN (0x2)
                [!provide]                        PROVIDE (__preinit_array_start = .)
 *(.preinit_array)
                [!provide]                        PROVIDE (__preinit_array_end = .)
                0x00000000000048c4                . = ALIGN (0x2)
                0x00000000000048c4                PROVIDE (__init_array_start = .)
 *(SORT_BY_NAME(.init_array.*))
 .init_array.00000
                0x00000000000048c4        0x2 /nix/store/xwlvwp1rmp24gg1s2d7jjw6d5yi6x270-msp430-newlib-msp430-elf-4.1.0/msp430-elf/lib/libc.a(lib_a-__call_atexit.o)
 *(.init_array)
 .init_array    0x00000000000048c6        0x2 /nix/store/f1idgwsw2ag93nb7lbycn2cs2h7ihf23-msp430-elf-stage-final-gcc-debug-12.1.0/lib/gcc/msp430-elf/12.1.0/no-exceptions/crtbegin_no_eh.o
 .init_array    0x00000000000048c8        0x2 CMakeFiles/lx.elf.dir/main.cpp.obj
 .init_array    0x00000000000048ca        0x2 ../common/app/cpp/libcppapp.a(timeDisplay.cpp.obj)
 .init_array    0x00000000000048cc        0x2 ../common/app/cpp/libcppapp.a(effectTester.cpp.obj)
 .init_array    0x00000000000048ce        0x2 ../common/app/cpp/libcppapp.a(buttonTester.cpp.obj)
 .init_array    0x00000000000048d0        0x2 ../common/app/cpp/libcppapp.a(createComponent.cpp.obj)
 .init_array    0x00000000000048d2        0x2 ../common/app/cpp/libcppapp.a(useEffect.cpp.obj)
 .init_array    0x00000000000048d4        0x2 ../common/app/cpp/libcppapp.a(useButton.cpp.obj)
 .init_array    0x00000000000048d6        0x2 ../common/app/cpp/libcppapp.a(useState.cpp.obj)
 .init_array    0x00000000000048d8        0x2 ../common/app/cpp/libcppapp.a(useGlobalState.cpp.obj)
 .init_array    0x00000000000048da        0x2 ../common/app/cpp/libcppapp.a(useUnmountAction.cpp.obj)
 .init_array    0x00000000000048dc        0x2 ../common/app/cpp/libcppapp.a(queue.cpp.obj)
 .init_array    0x00000000000048de        0x2 ../common/app/cpp/libcppapp.a(loop.cpp.obj)
 .init_array    0x00000000000048e0        0x2 ../common/app/cpp/libcppapp.a(root.cpp.obj)
 .init_array    0x00000000000048e2        0x2 ../common/app/cpp/libcppapp.a(eventQueue.cpp.obj)
 .init_array    0x00000000000048e4        0x2 ../common/app/cpp/libcppapp.a(state.cpp.obj)
 .init_array    0x00000000000048e6        0x2 ../common/app/cpp/libcppapp.a(event.cpp.obj)
                0x00000000000048e8                PROVIDE (__init_array_end = .)
                0x00000000000048e8                . = ALIGN (0x2)
                0x00000000000048e8                PROVIDE (__fini_array_start = .)
 *(.fini_array)
 .fini_array    0x00000000000048e8        0x2 /nix/store/f1idgwsw2ag93nb7lbycn2cs2h7ihf23-msp430-elf-stage-final-gcc-debug-12.1.0/lib/gcc/msp430-elf/12.1.0/no-exceptions/crtbegin_no_eh.o
 *(SORT_BY_NAME(.fini_array.*))
                0x00000000000048ea                PROVIDE (__fini_array_end = .)

.rodata2        0x00000000000048ea       0x62
                0x00000000000048ea                . = ALIGN (0x2)
 *(.eh_frame_hdr)
 *(.eh_frame)
 .eh_frame      0x00000000000048ea       0x62 /nix/store/f1idgwsw2ag93nb7lbycn2cs2h7ihf23-msp430-elf-stage-final-gcc-debug-12.1.0/lib/gcc/msp430-elf/12.1.0/no-exceptions/libgcc.a(_udivdi3.o)
 *crtbegin*.o(.ctors)
 *(EXCLUDE_FILE(*crtend*.o) .ctors)
 *(SORT_BY_NAME(.ctors.*))
 *(.ctors)
 *crtbegin*.o(.dtors)
 *(EXCLUDE_FILE(*crtend*.o) .dtors)
 *(SORT_BY_NAME(.dtors.*))
 *(.dtors)

.upper.rodata
 *(.upper.rodata.* .upper.rodata)

.persistent     0x000000000000494c        0x0
                0x000000000000494c                . = ALIGN (0x2)
                [!provide]                        PROVIDE (__persistent_start = .)
 *(.persistent)
                0x000000000000494c                . = ALIGN (0x2)
                [!provide]                        PROVIDE (__persistent_end = .)

.tinyram

.lower.data     0x0000000000001c00        0x0 load address 0x000000000000494c
                0x0000000000001c00                . = ALIGN (0x2)
                0x0000000000001c00                PROVIDE (__datastart = .)
 *(.lower.data.* .lower.data)

.data           0x0000000000001c00       0xd2 load address 0x000000000000494c
                0x0000000000001c00                . = ALIGN (0x2)
 *(.jcr)
 *(.data.rel.ro.local)
 *(.data.rel.ro*)
 *(.dynamic)
 *(.data .data.* .gnu.linkonce.d.*)
 .data          0x0000000000001c00        0x2 /nix/store/f1idgwsw2ag93nb7lbycn2cs2h7ihf23-msp430-elf-stage-final-gcc-debug-12.1.0/lib/gcc/msp430-elf/12.1.0/no-exceptions/crtbegin_no_eh.o
                0x0000000000001c00                __dso_handle
 .data.mode     0x0000000000001c02        0x2 hal/libhal.a(lcd.c.obj)
 .data._ZW2fwW4loopL13rootComponent
                0x0000000000001c04        0x2 ../common/app/cpp/libcppapp.a(loop.cpp.obj)
 .data.g_beep_enabled
                0x0000000000001c06        0x1 hal/libhal.a(beepled.c.obj)
 *fill*         0x0000000000001c07        0x1 
 .data.__atexit_recursive_mutex
                0x0000000000001c08        0x2 /nix/store/xwlvwp1rmp24gg1s2d7jjw6d5yi6x270-msp430-newlib-msp430-elf-4.1.0/msp430-elf/lib/libc.a(lib_a-__call_atexit.o)
                0x0000000000001c08                __atexit_recursive_mutex
 .data._impure_ptr
                0x0000000000001c0a        0x2 /nix/store/xwlvwp1rmp24gg1s2d7jjw6d5yi6x270-msp430-newlib-msp430-elf-4.1.0/msp430-elf/lib/libc.a(lib_a-impure.o)
                0x0000000000001c0a                _impure_ptr
 .data.impure_data
                0x0000000000001c0c       0x78 /nix/store/xwlvwp1rmp24gg1s2d7jjw6d5yi6x270-msp430-newlib-msp430-elf-4.1.0/msp430-elf/lib/libc.a(lib_a-impure.o)
 .data          0x0000000000001c84        0x2 /nix/store/xwlvwp1rmp24gg1s2d7jjw6d5yi6x270-msp430-newlib-msp430-elf-4.1.0/msp430-elf/lib/libnosys.a(sbrk.o)
 .data          0x0000000000001c86       0x4b /nix/store/xwlvwp1rmp24gg1s2d7jjw6d5yi6x270-msp430-newlib-msp430-elf-4.1.0/msp430-elf/lib/libnosys.a(cio.o)
                0x0000000000001c86                __CIOBUF__
                0x0000000000001c86                _CIOBUF_
 *(.gnu.linkonce.d.*personality*)
 *(.data1)
 *(.got.plt)
 *(.got)
                0x0000000000001cd2                . = ALIGN (0x2)
 *fill*         0x0000000000001cd1        0x1 
 *(.sdata .sdata.* .gnu.linkonce.s.* D_2 D_1)
                0x0000000000001cd2                . = ALIGN (0x2)
                0x0000000000001cd2                _edata = .
                [!provide]                        PROVIDE (edata = .)
                [!provide]                        PROVIDE (__dataend = .)
                0x000000000000494c                PROVIDE (__romdatastart = LOADADDR (.lower.data))
                0x00000000000000d2                PROVIDE (__romdatacopysize = (SIZEOF (.lower.data) + SIZEOF (.data)))

.upper.data     0x0000000000010000        0x2 load address 0x0000000000004a1e
                0x0000000000004a1e                __upper_data_init = LOADADDR (.upper.data)
                0x0000000000010000        0x2 SHORT 0x1
                0x0000000000010002                __high_datastart = .
 *(.upper.data.* .upper.data)
                0x0000000000010002                __high_dataend = .
                0x0000000000000000                __rom_highdatacopysize = (SIZEOF (.upper.data) - 0x2)
                0x0000000000004a20                __rom_highdatastart = (LOADADDR (.upper.data) + 0x2)

.lower.bss      0x0000000000001cd2        0x0
                0x0000000000001cd2                . = ALIGN (0x2)
                0x0000000000001cd2                PROVIDE (__bssstart = .)
 *(.lower.bss.* .lower.bss)

.bss            0x0000000000001cd2      0x1c6
                0x0000000000001cd2                . = ALIGN (0x2)
 *(.dynbss)
 *(.sbss .sbss.*)
 *(.bss .bss.* .gnu.linkonce.b.*)
 .bss           0x0000000000001cd2        0x1 /nix/store/f1idgwsw2ag93nb7lbycn2cs2h7ihf23-msp430-elf-stage-final-gcc-debug-12.1.0/lib/gcc/msp430-elf/12.1.0/no-exceptions/crtbegin_no_eh.o
 .bss.counterMode.0
                0x0000000000001cd3        0x1 hal/libhal.a(button.c.obj)
 .bss.counterLight.1
                0x0000000000001cd4        0x1 hal/libhal.a(button.c.obj)
 .bss.counterAlarm.2
                0x0000000000001cd5        0x1 hal/libhal.a(button.c.obj)
 .bss.debrun    0x0000000000001cd6        0x2 hal/libhal.a(button.c.obj)
                0x0000000000001cd6                debrun
 .bss.bbuf      0x0000000000001cd8       0x1d hal/libhal.a(lcd.c.obj)
 .bss.buf       0x0000000000001cf5       0x1d hal/libhal.a(lcd.c.obj)
 .bss.timedate_l
                0x0000000000001d12        0x8 hal/libhal.a(rtc.c.obj)
 .bss._ZZ22_ZGIW2fwW11timeDisplayE9__in_chrg
                0x0000000000001d1a        0x1 ../common/app/cpp/libcppapp.a(timeDisplay.cpp.obj)
 *fill*         0x0000000000001d1b        0x1 
 .bss._ZZW2fwW14useGlobalState14useGlobalStateILh4EmES0_17GlobalActionValueIT0_EOKS3_E18affectedComponents
                0x0000000000001d1c       0x10 ../common/app/cpp/libcppapp.a(timeDisplay.cpp.obj)
                0x0000000000001d1c                _ZZW2fwW14useGlobalState14useGlobalStateILh4EmES0_17GlobalActionValueIT0_EOKS3_E18affectedComponents
 .bss._ZGVZW2fwW14useGlobalState14useGlobalStateILh4EmES0_17GlobalActionValueIT0_EOKS3_E5value
                0x0000000000001d2c        0x8 ../common/app/cpp/libcppapp.a(timeDisplay.cpp.obj)
                0x0000000000001d2c                _ZGVZW2fwW14useGlobalState14useGlobalStateILh4EmES0_17GlobalActionValueIT0_EOKS3_E5value
 .bss._ZZW2fwW14useGlobalState14useGlobalStateILh4EmES0_17GlobalActionValueIT0_EOKS3_E5value
                0x0000000000001d34        0x4 ../common/app/cpp/libcppapp.a(timeDisplay.cpp.obj)
                0x0000000000001d34                _ZZW2fwW14useGlobalState14useGlobalStateILh4EmES0_17GlobalActionValueIT0_EOKS3_E5value
 .bss._ZZ23_ZGIW2fwW12effectTesterE9__in_chrg
                0x0000000000001d38        0x1 ../common/app/cpp/libcppapp.a(effectTester.cpp.obj)
 .bss._ZZ23_ZGIW2fwW12buttonTesterE9__in_chrg
                0x0000000000001d39        0x1 ../common/app/cpp/libcppapp.a(buttonTester.cpp.obj)
 .bss._ZZW2fwW14useGlobalState14useGlobalStateILh2EbES0_17GlobalActionValueIT0_EOKS3_E18affectedComponents
                0x0000000000001d3a       0x10 ../common/app/cpp/libcppapp.a(buttonTester.cpp.obj)
                0x0000000000001d3a                _ZZW2fwW14useGlobalState14useGlobalStateILh2EbES0_17GlobalActionValueIT0_EOKS3_E18affectedComponents
 .bss._ZGVZW2fwW14useGlobalState14useGlobalStateILh2EbES0_17GlobalActionValueIT0_EOKS3_E5value
                0x0000000000001d4a        0x8 ../common/app/cpp/libcppapp.a(buttonTester.cpp.obj)
                0x0000000000001d4a                _ZGVZW2fwW14useGlobalState14useGlobalStateILh2EbES0_17GlobalActionValueIT0_EOKS3_E5value
 .bss._ZZW2fwW14useGlobalState14useGlobalStateILh2EbES0_17GlobalActionValueIT0_EOKS3_E5value
                0x0000000000001d52        0x1 ../common/app/cpp/libcppapp.a(buttonTester.cpp.obj)
                0x0000000000001d52                _ZZW2fwW14useGlobalState14useGlobalStateILh2EbES0_17GlobalActionValueIT0_EOKS3_E5value
 *fill*         0x0000000000001d53        0x1 
 .bss._ZZW2fwW14useGlobalState14useGlobalStateILh1EbES0_17GlobalActionValueIT0_EOKS3_E18affectedComponents
                0x0000000000001d54       0x10 ../common/app/cpp/libcppapp.a(buttonTester.cpp.obj)
                0x0000000000001d54                _ZZW2fwW14useGlobalState14useGlobalStateILh1EbES0_17GlobalActionValueIT0_EOKS3_E18affectedComponents
 .bss._ZGVZW2fwW14useGlobalState14useGlobalStateILh1EbES0_17GlobalActionValueIT0_EOKS3_E5value
                0x0000000000001d64        0x8 ../common/app/cpp/libcppapp.a(buttonTester.cpp.obj)
                0x0000000000001d64                _ZGVZW2fwW14useGlobalState14useGlobalStateILh1EbES0_17GlobalActionValueIT0_EOKS3_E5value
 .bss._ZZW2fwW14useGlobalState14useGlobalStateILh1EbES0_17GlobalActionValueIT0_EOKS3_E5value
                0x0000000000001d6c        0x1 ../common/app/cpp/libcppapp.a(buttonTester.cpp.obj)
                0x0000000000001d6c                _ZZW2fwW14useGlobalState14useGlobalStateILh1EbES0_17GlobalActionValueIT0_EOKS3_E5value
 .bss._ZZ26_ZGIW2fwW15createComponentE9__in_chrg
                0x0000000000001d6d        0x1 ../common/app/cpp/libcppapp.a(createComponent.cpp.obj)
 .bss._ZW2fwW15createComponent6parent
                0x0000000000001d6e        0x2 ../common/app/cpp/libcppapp.a(createComponent.cpp.obj)
                0x0000000000001d6e                _ZW2fwW15createComponent6parent
 .bss._ZW2fwW15createComponent7current
                0x0000000000001d70        0x2 ../common/app/cpp/libcppapp.a(createComponent.cpp.obj)
                0x0000000000001d70                _ZW2fwW15createComponent7current
 .bss._ZZ19_ZGIW2fwW9useEffectE9__in_chrg
                0x0000000000001d72        0x1 ../common/app/cpp/libcppapp.a(useEffect.cpp.obj)
 .bss._ZZ19_ZGIW2fwW9useButtonE9__in_chrg
                0x0000000000001d73        0x1 ../common/app/cpp/libcppapp.a(useButton.cpp.obj)
 .bss._ZZ18_ZGIW2fwW8useStateE9__in_chrg
                0x0000000000001d74        0x1 ../common/app/cpp/libcppapp.a(useState.cpp.obj)
 .bss._ZZ25_ZGIW2fwW14useGlobalStateE9__in_chrg
                0x0000000000001d75        0x1 ../common/app/cpp/libcppapp.a(useGlobalState.cpp.obj)
 .bss._ZZ27_ZGIW2fwW16useUnmountActionE9__in_chrg
                0x0000000000001d76        0x1 ../common/app/cpp/libcppapp.a(useUnmountAction.cpp.obj)
 .bss._ZZ15_ZGIW2fwW5queueE9__in_chrg
                0x0000000000001d77        0x1 ../common/app/cpp/libcppapp.a(queue.cpp.obj)
 .bss._ZZ14_ZGIW2fwW4loopE9__in_chrg
                0x0000000000001d78        0x1 ../common/app/cpp/libcppapp.a(loop.cpp.obj)
 *fill*         0x0000000000001d79        0x1 
 .bss._ZZW2fwW14useGlobalState14useGlobalStateILh3EbES0_17GlobalActionValueIT0_EOKS3_E18affectedComponents
                0x0000000000001d7a       0x10 ../common/app/cpp/libcppapp.a(loop.cpp.obj)
                0x0000000000001d7a                _ZZW2fwW14useGlobalState14useGlobalStateILh3EbES0_17GlobalActionValueIT0_EOKS3_E18affectedComponents
 .bss._ZGVZW2fwW14useGlobalState14useGlobalStateILh3EbES0_17GlobalActionValueIT0_EOKS3_E5value
                0x0000000000001d8a        0x8 ../common/app/cpp/libcppapp.a(loop.cpp.obj)
                0x0000000000001d8a                _ZGVZW2fwW14useGlobalState14useGlobalStateILh3EbES0_17GlobalActionValueIT0_EOKS3_E5value
 .bss._ZZW2fwW14useGlobalState14useGlobalStateILh3EbES0_17GlobalActionValueIT0_EOKS3_E5value
                0x0000000000001d92        0x1 ../common/app/cpp/libcppapp.a(loop.cpp.obj)
                0x0000000000001d92                _ZZW2fwW14useGlobalState14useGlobalStateILh3EbES0_17GlobalActionValueIT0_EOKS3_E5value
 *fill*         0x0000000000001d93        0x1 
 .bss._ZW2fwW4loopL14rootComponentV
                0x0000000000001d94       0x1a ../common/app/cpp/libcppapp.a(loop.cpp.obj)
 .bss._ZZ14_ZGIW2fwW4rootE9__in_chrg
                0x0000000000001dae        0x1 ../common/app/cpp/libcppapp.a(root.cpp.obj)
 .bss._ZZ21_ZGIW2fwW10eventQueueE9__in_chrg
                0x0000000000001daf        0x1 ../common/app/cpp/libcppapp.a(eventQueue.cpp.obj)
 .bss._ZW2fwW10eventQueue10eventQueue
                0x0000000000001db0       0x44 ../common/app/cpp/libcppapp.a(eventQueue.cpp.obj)
                0x0000000000001db0                _ZW2fwW10eventQueue10eventQueue
 .bss._ZZ15_ZGIW2fwW5stateE9__in_chrg
                0x0000000000001df4        0x1 ../common/app/cpp/libcppapp.a(state.cpp.obj)
 .bss._ZZ15_ZGIW2fwW5eventE9__in_chrg
                0x0000000000001df5        0x1 ../common/app/cpp/libcppapp.a(event.cpp.obj)
 .bss.g_brightness
                0x0000000000001df6        0x1 hal/libhal.a(beepled.c.obj)
 *fill*         0x0000000000001df7        0x1 
 .bss.g_freq    0x0000000000001df8        0x2 hal/libhal.a(beepled.c.obj)
 .bss._ZN12_GLOBAL__N_113__new_handlerE
                0x0000000000001dfa        0x2 /nix/store/f1idgwsw2ag93nb7lbycn2cs2h7ihf23-msp430-elf-stage-final-gcc-debug-12.1.0/lib/gcc/msp430-elf/12.1.0/../../../../msp430-elf/lib/no-exceptions/libstdc++.a(new_handler.o)
 .bss.__malloc_sbrk_start
                0x0000000000001dfc        0x2 /nix/store/xwlvwp1rmp24gg1s2d7jjw6d5yi6x270-msp430-newlib-msp430-elf-4.1.0/msp430-elf/lib/libc.a(lib_a-nano-mallocr.o)
                0x0000000000001dfc                __malloc_sbrk_start
 .bss.__malloc_free_list
                0x0000000000001dfe        0x2 /nix/store/xwlvwp1rmp24gg1s2d7jjw6d5yi6x270-msp430-newlib-msp430-elf-4.1.0/msp430-elf/lib/libc.a(lib_a-nano-mallocr.o)
                0x0000000000001dfe                __malloc_free_list
 .bss._on_exit_args_instance
                0x0000000000001e00       0x88 /nix/store/xwlvwp1rmp24gg1s2d7jjw6d5yi6x270-msp430-newlib-msp430-elf-4.1.0/msp430-elf/lib/libc.a(lib_a-on_exit_args.o)
                0x0000000000001e88                . = ALIGN (0x2)
 *(COMMON)
 COMMON         0x0000000000001e88        0x1 hal/libhal.a(aux_timer.c.obj)
                0x0000000000001e88                aux_timer_event
 COMMON         0x0000000000001e89        0x3 hal/libhal.a(button.c.obj)
                0x0000000000001e89                modeDown
                0x0000000000001e8a                lightDown
                0x0000000000001e8b                alarmDown
 COMMON         0x0000000000001e8c        0x9 /nix/store/xwlvwp1rmp24gg1s2d7jjw6d5yi6x270-msp430-newlib-msp430-elf-4.1.0/msp430-elf/lib/libc.a(lib_a-lock.o)
                0x0000000000001e8c                __lock___atexit_recursive_mutex
                0x0000000000001e8d                __lock___arc4random_mutex
                0x0000000000001e8e                __lock___env_recursive_mutex
                0x0000000000001e8f                __lock___sinit_recursive_mutex
                0x0000000000001e90                __lock___malloc_recursive_mutex
                0x0000000000001e91                __lock___at_quick_exit_mutex
                0x0000000000001e92                __lock___dd_hash_mutex
                0x0000000000001e93                __lock___tz_mutex
                0x0000000000001e94                __lock___sfp_recursive_mutex
 *fill*         0x0000000000001e95        0x1 
 COMMON         0x0000000000001e96        0x2 /nix/store/xwlvwp1rmp24gg1s2d7jjw6d5yi6x270-msp430-newlib-msp430-elf-4.1.0/msp430-elf/lib/libc.a(lib_a-reent.o)
                0x0000000000001e96                errno
                [!provide]                        PROVIDE (__bssend = .)
                0x00000000000001c6                PROVIDE (__bsssize = (SIZEOF (.lower.bss) + SIZEOF (.bss)))

.upper.bss      0x0000000000010002        0x0
                0x0000000000010002                . = ALIGN (0x2)
                0x0000000000010002                __high_bssstart = .
 *(.upper.bss.* .upper.bss)
                0x0000000000010002                . = ALIGN (0x2)
                0x0000000000010002                __high_bssend = .
                0x0000000000000000                __high_bsssize = SIZEOF (.upper.bss)

.noinit         0x0000000000001e98        0x0
                0x0000000000001e98                . = ALIGN (0x2)
                [!provide]                        PROVIDE (__noinit_start = .)
 *(.noinit)
                0x0000000000001e98                . = ALIGN (0x2)
                [!provide]                        PROVIDE (__noinit_end = .)

.heap           0x0000000000001e98        0x4
                0x0000000000001e98                . = ALIGN (0x2)
                0x0000000000001e98                __heap_start__ = .
                0x0000000000001e98                _end = __heap_start__
                0x0000000000001e98                PROVIDE (end = .)
 *(.heap)
                0x0000000000001e98                _end = .
                [!provide]                        PROVIDE (end = .)
                0x0000000000001e98        0x4 LONG 0x0
                0x0000000000001e9c                __heap_end__ = .
                0x0000000000001e9c                __HeapLimit = __heap_end__

.stack          0x0000000000002400        0x0
                0x0000000000002400                PROVIDE (__stack = .)
 *(.stack)

.lower.text     0x0000000000004a20        0x0
                0x0000000000004a20                . = ALIGN (0x2)
 *(.lower.text.* .lower.text)

.text           0x0000000000004a20     0x2b26
                0x0000000000004a20                PROVIDE (_start = .)
                0x0000000000004a20                . = ALIGN (0x2)
 *(SORT_BY_NAME(.crt_*))
 .crt_0000start
                0x0000000000004a20        0x4 /nix/store/xwlvwp1rmp24gg1s2d7jjw6d5yi6x270-msp430-newlib-msp430-elf-4.1.0/msp430-elf/lib/no-exceptions/crt0.o
                0x0000000000004a20                __crt0_start
 .crt_0100init_bss
                0x0000000000004a24        0xe /nix/store/xwlvwp1rmp24gg1s2d7jjw6d5yi6x270-msp430-newlib-msp430-elf-4.1.0/msp430-elf/lib/libcrt.a(crt_bss.o)
                0x0000000000004a24                __crt0_init_bss
 .crt_0300movedata
                0x0000000000004a32       0x14 /nix/store/xwlvwp1rmp24gg1s2d7jjw6d5yi6x270-msp430-newlib-msp430-elf-4.1.0/msp430-elf/lib/libcrt.a(crt_movedata.o)
                0x0000000000004a32                __crt0_movedata
 .crt_0600run_init_array
                0x0000000000004a46        0xe /nix/store/xwlvwp1rmp24gg1s2d7jjw6d5yi6x270-msp430-newlib-msp430-elf-4.1.0/msp430-elf/lib/libcrt.a(crt_run_init_array.o)
                0x0000000000004a46                __crt0_run_init_array
 .crt_0800call_main
                0x0000000000004a54        0x6 /nix/store/xwlvwp1rmp24gg1s2d7jjw6d5yi6x270-msp430-newlib-msp430-elf-4.1.0/msp430-elf/lib/libcrt.a(crt_main.o)
                0x0000000000004a54                __crt0_call_main
 .crt_1000run_fini_array
                0x0000000000004a5a       0x10 /nix/store/xwlvwp1rmp24gg1s2d7jjw6d5yi6x270-msp430-newlib-msp430-elf-4.1.0/msp430-elf/lib/libcrt.a(crt_run_fini_array.o)
                0x0000000000004a5a                __crt0_run_fini_array
 .crt_1100run_array
                0x0000000000004a6a        0xe /nix/store/xwlvwp1rmp24gg1s2d7jjw6d5yi6x270-msp430-newlib-msp430-elf-4.1.0/msp430-elf/lib/libcrt.a(crt_run_array.o)
                0x0000000000004a6a                __crt0_run_array
                0x0000000000004a78                . = ALIGN (0x2)
 *(.lowtext)
                0x0000000000004a78                . = ALIGN (0x2)
 *(.text .stub .text.* .gnu.linkonce.t.* .text:*)
 .text          0x0000000000004a78       0x5a /nix/store/f1idgwsw2ag93nb7lbycn2cs2h7ihf23-msp430-elf-stage-final-gcc-debug-12.1.0/lib/gcc/msp430-elf/12.1.0/no-exceptions/crtbegin_no_eh.o
 .text.clk_init
                0x0000000000004ad2       0x6c CMakeFiles/lx.elf.dir/main.cpp.obj
                0x0000000000004ad2                clk_init
 .text.alarmCallback
                0x0000000000004b3e       0x20 CMakeFiles/lx.elf.dir/main.cpp.obj
                0x0000000000004b3e                alarmCallback
 .text.lightCallback
                0x0000000000004b5e       0x20 CMakeFiles/lx.elf.dir/main.cpp.obj
                0x0000000000004b5e                lightCallback
 .text.modeCallback
                0x0000000000004b7e       0x1e CMakeFiles/lx.elf.dir/main.cpp.obj
                0x0000000000004b7e                modeCallback
 .text.tickCallback
                0x0000000000004b9c       0x12 CMakeFiles/lx.elf.dir/main.cpp.obj
                0x0000000000004b9c                tickCallback
 .text.main     0x0000000000004bae       0x46 CMakeFiles/lx.elf.dir/main.cpp.obj
                0x0000000000004bae                main
 .text._GLOBAL__sub_I_clk_init
                0x0000000000004bf4       0x12 CMakeFiles/lx.elf.dir/main.cpp.obj
 .text.TimerA2_1_ISR
                0x0000000000004c06        0xa hal/libhal.a(aux_timer.c.obj)
                0x0000000000004c06                TimerA2_1_ISR
 .text.aux_timer_init
                0x0000000000004c10        0xe hal/libhal.a(aux_timer.c.obj)
                0x0000000000004c10                aux_timer_init
 .text.button_init
                0x0000000000004c1e       0x60 hal/libhal.a(button.c.obj)
                0x0000000000004c1e                button_init
 .text.TimerA3_1_ISR
                0x0000000000004c7e       0x3a hal/libhal.a(button.c.obj)
                0x0000000000004c7e                TimerA3_1_ISR
 .text.TimerA1_1_ISR
                0x0000000000004cb8      0x1ac hal/libhal.a(button.c.obj)
                0x0000000000004cb8                TimerA1_1_ISR
 .text.io_init  0x0000000000004e64      0x148 hal/libhal.a(io.c.obj)
                0x0000000000004e64                io_init
 .text.hal_lcd_set_mode
                0x0000000000004fac        0x6 hal/libhal.a(lcd.c.obj)
                0x0000000000004fac                hal_lcd_set_mode
 .text.hal_lcd_set_contrast
                0x0000000000004fb2       0x14 hal/libhal.a(lcd.c.obj)
                0x0000000000004fb2                hal_lcd_set_contrast
 .text.lcd_init
                0x0000000000004fc6      0x168 hal/libhal.a(lcd.c.obj)
                0x0000000000004fc6                lcd_init
 .text.hal_lcd_seg_set
                0x000000000000512e       0x4a hal/libhal.a(lcd.c.obj)
                0x000000000000512e                hal_lcd_seg_set
 .text.hal_lcd_dig_set
                0x0000000000005178       0x2a hal/libhal.a(lcd.c.obj)
                0x0000000000005178                hal_lcd_dig_set
 .text.hal_lcd_clear
                0x00000000000051a2       0x3e hal/libhal.a(lcd.c.obj)
                0x00000000000051a2                hal_lcd_clear
 .text.hal_lcd_update
                0x00000000000051e0       0x28 hal/libhal.a(lcd.c.obj)
                0x00000000000051e0                hal_lcd_update
 .text.rtc_init
                0x0000000000005208       0x2e hal/libhal.a(rtc.c.obj)
                0x0000000000005208                rtc_init
 .text.hal_rtc_get
                0x0000000000005236       0x1a hal/libhal.a(rtc.c.obj)
                0x0000000000005236                hal_rtc_get
 .text.RTC_ISR  0x0000000000005250       0x5c hal/libhal.a(rtc.c.obj)
                0x0000000000005250                RTC_ISR
 .text.wdt_clear
                0x00000000000052ac        0x8 hal/libhal.a(wdt.c.obj)
                0x00000000000052ac                wdt_clear
 .text._ZZW2fwW14useGlobalState14useGlobalStateILh4EmES0_17GlobalActionValueIT0_EOKS3_ENUlPKvE_4_FUNES8_
                0x00000000000052b4        0x6 ../common/app/cpp/libcppapp.a(timeDisplay.cpp.obj)
                0x00000000000052b4                _ZZW2fwW14useGlobalState14useGlobalStateILh4EmES0_17GlobalActionValueIT0_EOKS3_ENUlPKvE_4_FUNES8_
 .text._ZNKW2fwW14useGlobalState17GlobalActionValueImE3getEv
                0x00000000000052ba        0x2 ../common/app/cpp/libcppapp.a(timeDisplay.cpp.obj)
                0x00000000000052ba                _ZNKW2fwW14useGlobalState17GlobalActionValueImE3getEv
 .text._ZNW2fwW14useGlobalState17GlobalActionValueImEC2ERmRA8_PS_W15createComponent13ComponentData
                0x00000000000052bc       0x14 ../common/app/cpp/libcppapp.a(timeDisplay.cpp.obj)
                0x00000000000052bc                _ZNW2fwW14useGlobalState17GlobalActionValueImEC2ERmRA8_PS_W15createComponent13ComponentData
                0x00000000000052bc                _ZNW2fwW14useGlobalState17GlobalActionValueImEC1ERmRA8_PS_W15createComponent13ComponentData
 .text._ZW2fwW14useGlobalState14useGlobalStateILh4EmES0_17GlobalActionValueIT0_EOKS3_
                0x00000000000052d0       0x7a ../common/app/cpp/libcppapp.a(timeDisplay.cpp.obj)
                0x00000000000052d0                _ZW2fwW14useGlobalState14useGlobalStateILh4EmES0_17GlobalActionValueIT0_EOKS3_
 .text._ZW2fwW11timeDisplay11timeDisplayPS_W5state5StateRKSt6vectorIiSaIiEE
                0x000000000000534a      0x21a ../common/app/cpp/libcppapp.a(timeDisplay.cpp.obj)
                0x000000000000534a                _ZW2fwW11timeDisplay11timeDisplayPS_W5state5StateRKSt6vectorIiSaIiEE
 .text._ZGIW2fwW11timeDisplay
                0x0000000000005564       0x1e ../common/app/cpp/libcppapp.a(timeDisplay.cpp.obj)
                0x0000000000005564                _ZGIW2fwW11timeDisplay
 .text._ZNSt15__new_allocatorIiE8allocateEjPKv
                0x0000000000005582       0x26 ../common/app/cpp/libcppapp.a(effectTester.cpp.obj)
                0x0000000000005582                std::__new_allocator<int>::allocate(unsigned int, void const*)
 .text._ZNSt15__new_allocatorIPW2fwW15createComponent13ComponentDataE8allocateEjPKv
                0x00000000000055a8       0x26 ../common/app/cpp/libcppapp.a(effectTester.cpp.obj)
                0x00000000000055a8                _ZNSt15__new_allocatorIPW2fwW15createComponent13ComponentDataE8allocateEjPKv
 .text._ZNSt12_Vector_baseIiSaIiEED2Ev
                0x00000000000055ce       0x14 ../common/app/cpp/libcppapp.a(effectTester.cpp.obj)
                0x00000000000055ce                std::_Vector_base<int, std::allocator<int> >::~_Vector_base()
 .text._ZNSt6vectorIPW2fwW15createComponent13ComponentDataSaIS3_EE19_M_range_initializeIPKS3_EEvT_S9_St20forward_iterator_tag
                0x00000000000055e2       0x4e ../common/app/cpp/libcppapp.a(effectTester.cpp.obj)
                0x00000000000055e2                _ZNSt6vectorIPW2fwW15createComponent13ComponentDataSaIS3_EE19_M_range_initializeIPKS3_EEvT_S9_St20forward_iterator_tag
 .text._ZNSt6vectorIPW2fwW15createComponent13ComponentDataSaIS3_EEC2ESt16initializer_listIS3_ERKS4_
                0x0000000000005630       0x2a ../common/app/cpp/libcppapp.a(effectTester.cpp.obj)
                0x0000000000005630                _ZNSt6vectorIPW2fwW15createComponent13ComponentDataSaIS3_EEC1ESt16initializer_listIS3_ERKS4_
                0x0000000000005630                _ZNSt6vectorIPW2fwW15createComponent13ComponentDataSaIS3_EEC2ESt16initializer_listIS3_ERKS4_
 .text._ZGIW2fwW12effectTester
                0x000000000000565a       0x22 ../common/app/cpp/libcppapp.a(effectTester.cpp.obj)
                0x000000000000565a                _ZGIW2fwW12effectTester
 .text._ZZW2fwW14useGlobalState14useGlobalStateILh1EbES0_17GlobalActionValueIT0_EOKS3_ENUlPKvE_4_FUNES8_
                0x000000000000567c        0x6 ../common/app/cpp/libcppapp.a(buttonTester.cpp.obj)
                0x000000000000567c                _ZZW2fwW14useGlobalState14useGlobalStateILh1EbES0_17GlobalActionValueIT0_EOKS3_ENUlPKvE_4_FUNES8_
 .text._ZZW2fwW14useGlobalState14useGlobalStateILh2EbES0_17GlobalActionValueIT0_EOKS3_ENUlPKvE_4_FUNES8_
                0x0000000000005682        0x6 ../common/app/cpp/libcppapp.a(buttonTester.cpp.obj)
                0x0000000000005682                _ZZW2fwW14useGlobalState14useGlobalStateILh2EbES0_17GlobalActionValueIT0_EOKS3_ENUlPKvE_4_FUNES8_
 .text._ZNW2fwW14useGlobalState17GlobalActionValueIbEC2ERbRA8_PS_W15createComponent13ComponentData
                0x0000000000005688        0xe ../common/app/cpp/libcppapp.a(buttonTester.cpp.obj)
                0x0000000000005688                _ZNW2fwW14useGlobalState17GlobalActionValueIbEC1ERbRA8_PS_W15createComponent13ComponentData
                0x0000000000005688                _ZNW2fwW14useGlobalState17GlobalActionValueIbEC2ERbRA8_PS_W15createComponent13ComponentData
 .text._ZW2fwW14useGlobalState14useGlobalStateILh1EbES0_17GlobalActionValueIT0_EOKS3_
                0x0000000000005696       0x74 ../common/app/cpp/libcppapp.a(buttonTester.cpp.obj)
                0x0000000000005696                _ZW2fwW14useGlobalState14useGlobalStateILh1EbES0_17GlobalActionValueIT0_EOKS3_
 .text._ZW2fwW14useGlobalState14useGlobalStateILh2EbES0_17GlobalActionValueIT0_EOKS3_
                0x000000000000570a       0x74 ../common/app/cpp/libcppapp.a(buttonTester.cpp.obj)
                0x000000000000570a                _ZW2fwW14useGlobalState14useGlobalStateILh2EbES0_17GlobalActionValueIT0_EOKS3_
 .text._ZGIW2fwW12buttonTester
                0x000000000000577e       0x16 ../common/app/cpp/libcppapp.a(buttonTester.cpp.obj)
                0x000000000000577e                _ZGIW2fwW12buttonTester
 .text._ZNSt16_Sp_counted_baseILN9__gnu_cxx12_Lock_policyE0EE10_M_destroyEv
                0x0000000000005794        0xe ../common/app/cpp/libcppapp.a(createComponent.cpp.obj)
                0x0000000000005794                std::_Sp_counted_base<(__gnu_cxx::_Lock_policy)0>::_M_destroy()
 .text._ZNSt15_Sp_counted_ptrIPW2fwW5state5StateLN9__gnu_cxx12_Lock_policyE0EED2Ev
                0x00000000000057a2        0xe ../common/app/cpp/libcppapp.a(createComponent.cpp.obj)
                0x00000000000057a2                _ZNSt15_Sp_counted_ptrIPW2fwW5state5StateLN9__gnu_cxx12_Lock_policyE0EED1Ev
                0x00000000000057a2                _ZNSt15_Sp_counted_ptrIPW2fwW5state5StateLN9__gnu_cxx12_Lock_policyE0EED2Ev
 .text._ZNSt15_Sp_counted_ptrIPW2fwW5state5StateLN9__gnu_cxx12_Lock_policyE0EE14_M_get_deleterERKSt9type_info
                0x00000000000057b0        0x4 ../common/app/cpp/libcppapp.a(createComponent.cpp.obj)
                0x00000000000057b0                _ZNSt15_Sp_counted_ptrIPW2fwW5state5StateLN9__gnu_cxx12_Lock_policyE0EE14_M_get_deleterERKSt9type_info
 .text._ZNSt15_Sp_counted_ptrIPW2fwW5state5StateLN9__gnu_cxx12_Lock_policyE0EE10_M_disposeEv
                0x00000000000057b4       0x12 ../common/app/cpp/libcppapp.a(createComponent.cpp.obj)
                0x00000000000057b4                _ZNSt15_Sp_counted_ptrIPW2fwW5state5StateLN9__gnu_cxx12_Lock_policyE0EE10_M_disposeEv
 .text._ZNSt15_Sp_counted_ptrIPW2fwW5state5StateLN9__gnu_cxx12_Lock_policyE0EED0Ev
                0x00000000000057c6       0x14 ../common/app/cpp/libcppapp.a(createComponent.cpp.obj)
                0x00000000000057c6                _ZNSt15_Sp_counted_ptrIPW2fwW5state5StateLN9__gnu_cxx12_Lock_policyE0EED0Ev
 .text._ZNSt15_Sp_counted_ptrIPW2fwW5state5StateLN9__gnu_cxx12_Lock_policyE0EE10_M_destroyEv
                0x00000000000057da       0x18 ../common/app/cpp/libcppapp.a(createComponent.cpp.obj)
                0x00000000000057da                _ZNSt15_Sp_counted_ptrIPW2fwW5state5StateLN9__gnu_cxx12_Lock_policyE0EE10_M_destroyEv
 .text._ZNSt16_Sp_counted_baseILN9__gnu_cxx12_Lock_policyE0EE10_M_releaseEv
                0x00000000000057f2       0x38 ../common/app/cpp/libcppapp.a(createComponent.cpp.obj)
                0x00000000000057f2                std::_Sp_counted_base<(__gnu_cxx::_Lock_policy)0>::_M_release()
 .text._ZNW2fwW15createComponent13ComponentData11getHookDataEv
                0x000000000000582a       0x28 ../common/app/cpp/libcppapp.a(createComponent.cpp.obj)
                0x000000000000582a                _ZNW2fwW15createComponent13ComponentData11getHookDataEv
 .text._ZSt4copyIPPW2fwW15createComponent13ComponentDataS4_ET0_T_S6_S5_
                0x0000000000005852       0x1e ../common/app/cpp/libcppapp.a(createComponent.cpp.obj)
                0x0000000000005852                _ZSt4copyIPPW2fwW15createComponent13ComponentDataS4_ET0_T_S6_S5_
 .text._ZNKSt6vectorIW2fwW15createComponent8HookDataSaIS2_EE12_M_check_lenEjPKc
                0x0000000000005870       0x5e ../common/app/cpp/libcppapp.a(createComponent.cpp.obj)
                0x0000000000005870                _ZNKSt6vectorIW2fwW15createComponent8HookDataSaIS2_EE12_M_check_lenEjPKc
 .text._ZNSt14__shared_countILN9__gnu_cxx12_Lock_policyE0EEC2IPW2fwW5state5StateEET_
                0x00000000000058ce       0x30 ../common/app/cpp/libcppapp.a(createComponent.cpp.obj)
                0x00000000000058ce                _ZNSt14__shared_countILN9__gnu_cxx12_Lock_policyE0EEC1IPW2fwW5state5StateEET_
                0x00000000000058ce                _ZNSt14__shared_countILN9__gnu_cxx12_Lock_policyE0EEC2IPW2fwW5state5StateEET_
 .text._ZSt12__niter_wrapIN9__gnu_cxx17__normal_iteratorIPPW2fwW15createComponent13ComponentDataSt6vectorIS5_SaIS5_EEEES6_ET_SB_T0_
                0x00000000000058fe        0x6 ../common/app/cpp/libcppapp.a(createComponent.cpp.obj)
                0x00000000000058fe                _ZSt12__niter_wrapIN9__gnu_cxx17__normal_iteratorIPPW2fwW15createComponent13ComponentDataSt6vectorIS5_SaIS5_EEEES6_ET_SB_T0_
 .text._ZSt13__copy_move_aILb0EN9__gnu_cxx17__normal_iteratorIPKPW2fwW15createComponent13ComponentDataSt6vectorIS5_SaIS5_EEEENS1_IPS5_SA_EEET1_T0_SF_SE_
                0x0000000000005904       0x34 ../common/app/cpp/libcppapp.a(createComponent.cpp.obj)
                0x0000000000005904                _ZSt13__copy_move_aILb0EN9__gnu_cxx17__normal_iteratorIPKPW2fwW15createComponent13ComponentDataSt6vectorIS5_SaIS5_EEEENS1_IPS5_SA_EEET1_T0_SF_SE_
 .text._ZSt4copyIN9__gnu_cxx17__normal_iteratorIPKPW2fwW15createComponent13ComponentDataSt6vectorIS5_SaIS5_EEEENS1_IPS5_SA_EEET0_T_SF_SE_
                0x0000000000005938       0x30 ../common/app/cpp/libcppapp.a(createComponent.cpp.obj)
                0x0000000000005938                _ZSt4copyIN9__gnu_cxx17__normal_iteratorIPKPW2fwW15createComponent13ComponentDataSt6vectorIS5_SaIS5_EEEENS1_IPS5_SA_EEET0_T_SF_SE_
 .text._ZNSt15__new_allocatorIPW2fwW15createComponent13ComponentDataE10deallocateEPS3_j
                0x0000000000005968        0xc ../common/app/cpp/libcppapp.a(createComponent.cpp.obj)
                0x0000000000005968                _ZNSt15__new_allocatorIPW2fwW15createComponent13ComponentDataE10deallocateEPS3_j
 .text._ZNSt12_Vector_baseIPW2fwW15createComponent13ComponentDataSaIS3_EED2Ev
                0x0000000000005974       0x14 ../common/app/cpp/libcppapp.a(createComponent.cpp.obj)
                0x0000000000005974                _ZNSt12_Vector_baseIPW2fwW15createComponent13ComponentDataSaIS3_EED2Ev
                0x0000000000005974                _ZNSt12_Vector_baseIPW2fwW15createComponent13ComponentDataSaIS3_EED1Ev
 .text._ZNSt15__new_allocatorIW2fwW15createComponent8HookDataE10deallocateEPS2_j
                0x0000000000005988        0xc ../common/app/cpp/libcppapp.a(createComponent.cpp.obj)
                0x0000000000005988                _ZNSt15__new_allocatorIW2fwW15createComponent8HookDataE10deallocateEPS2_j
 .text._ZNSt12_Vector_baseIW2fwW15createComponent8HookDataSaIS2_EED2Ev
                0x0000000000005994       0x14 ../common/app/cpp/libcppapp.a(createComponent.cpp.obj)
                0x0000000000005994                _ZNSt12_Vector_baseIW2fwW15createComponent8HookDataSaIS2_EED2Ev
                0x0000000000005994                _ZNSt12_Vector_baseIW2fwW15createComponent8HookDataSaIS2_EED1Ev
 .text._ZNW2fwW15createComponent13ComponentDataD2Ev
                0x00000000000059a8       0x72 ../common/app/cpp/libcppapp.a(createComponent.cpp.obj)
                0x00000000000059a8                _ZNW2fwW15createComponent13ComponentDataD2Ev
                0x00000000000059a8                _ZNW2fwW15createComponent13ComponentDataD1Ev
 .text._ZSt13__copy_move_aILb0EN9__gnu_cxx17__normal_iteratorIPKiSt6vectorIiSaIiEEEEPiET1_T0_SA_S9_
                0x0000000000005a1a       0x22 ../common/app/cpp/libcppapp.a(createComponent.cpp.obj)
                0x0000000000005a1a                int* std::__copy_move_a<false, __gnu_cxx::__normal_iterator<int const*, std::vector<int, std::allocator<int> > >, int*>(__gnu_cxx::__normal_iterator<int const*, std::vector<int, std::allocator<int> > >, __gnu_cxx::__normal_iterator<int const*, std::vector<int, std::allocator<int> > >, int*)
 .text._ZSt4copyIN9__gnu_cxx17__normal_iteratorIPKiSt6vectorIiSaIiEEEEPiET0_T_SA_S9_
                0x0000000000005a3c       0x1a ../common/app/cpp/libcppapp.a(createComponent.cpp.obj)
                0x0000000000005a3c                int* std::copy<__gnu_cxx::__normal_iterator<int const*, std::vector<int, std::allocator<int> > >, int*>(__gnu_cxx::__normal_iterator<int const*, std::vector<int, std::allocator<int> > >, __gnu_cxx::__normal_iterator<int const*, std::vector<int, std::allocator<int> > >, int*)
 .text._ZNSt20__uninitialized_copyILb1EE13__uninit_copyIN9__gnu_cxx17__normal_iteratorIPKiSt6vectorIiSaIiEEEEPiEET0_T_SC_SB_
                0x0000000000005a56       0x1a ../common/app/cpp/libcppapp.a(createComponent.cpp.obj)
                0x0000000000005a56                int* std::__uninitialized_copy<true>::__uninit_copy<__gnu_cxx::__normal_iterator<int const*, std::vector<int, std::allocator<int> > >, int*>(__gnu_cxx::__normal_iterator<int const*, std::vector<int, std::allocator<int> > >, __gnu_cxx::__normal_iterator<int const*, std::vector<int, std::allocator<int> > >, int*)
 .text._ZSt18uninitialized_copyIN9__gnu_cxx17__normal_iteratorIPKiSt6vectorIiSaIiEEEEPiET0_T_SA_S9_
                0x0000000000005a70       0x1a ../common/app/cpp/libcppapp.a(createComponent.cpp.obj)
                0x0000000000005a70                int* std::uninitialized_copy<__gnu_cxx::__normal_iterator<int const*, std::vector<int, std::allocator<int> > >, int*>(__gnu_cxx::__normal_iterator<int const*, std::vector<int, std::allocator<int> > >, __gnu_cxx::__normal_iterator<int const*, std::vector<int, std::allocator<int> > >, int*)
 .text._ZNSt12_Vector_baseIiSaIiEE17_M_create_storageEj
                0x0000000000005a8a       0x28 ../common/app/cpp/libcppapp.a(createComponent.cpp.obj)
                0x0000000000005a8a                std::_Vector_base<int, std::allocator<int> >::_M_create_storage(unsigned int)
 .text._ZNSt6vectorIiSaIiEEC2ERKS1_
                0x0000000000005ab2       0x40 ../common/app/cpp/libcppapp.a(createComponent.cpp.obj)
                0x0000000000005ab2                std::vector<int, std::allocator<int> >::vector(std::vector<int, std::allocator<int> > const&)
                0x0000000000005ab2                std::vector<int, std::allocator<int> >::vector(std::vector<int, std::allocator<int> > const&)
 .text._ZNSt15__new_allocatorIW2fwW15createComponent8HookDataE8allocateEjPKv
                0x0000000000005af2       0x2a ../common/app/cpp/libcppapp.a(createComponent.cpp.obj)
                0x0000000000005af2                _ZNSt15__new_allocatorIW2fwW15createComponent8HookDataE8allocateEjPKv
 .text._ZNSt6vectorIW2fwW15createComponent8HookDataSaIS2_EE17_M_realloc_insertIJS2_EEEvN9__gnu_cxx17__normal_iteratorIPS2_S4_EEDpOT_
                0x0000000000005b1c       0x9c ../common/app/cpp/libcppapp.a(createComponent.cpp.obj)
                0x0000000000005b1c                _ZNSt6vectorIW2fwW15createComponent8HookDataSaIS2_EE17_M_realloc_insertIJS2_EEEvN9__gnu_cxx17__normal_iteratorIPS2_S4_EEDpOT_
 .text._ZNSt6vectorIW2fwW15createComponent8HookDataSaIS2_EE12emplace_backIJS2_EEERS2_DpOT_
                0x0000000000005bb8       0x3c ../common/app/cpp/libcppapp.a(createComponent.cpp.obj)
                0x0000000000005bb8                _ZNSt6vectorIW2fwW15createComponent8HookDataSaIS2_EE12emplace_backIJS2_EEERS2_DpOT_
 .text._ZNW2fwW15createComponent13ComponentData11setHookDataEPvPFvPKvE
                0x0000000000005bf4       0x22 ../common/app/cpp/libcppapp.a(createComponent.cpp.obj)
                0x0000000000005bf4                _ZNW2fwW15createComponent13ComponentData11setHookDataEPvPFvPKvE
 .text._ZSt13__copy_move_aILb0EN9__gnu_cxx17__normal_iteratorIPKPW2fwW15createComponent13ComponentDataSt6vectorIS5_SaIS5_EEEEPS5_ET1_T0_SE_SD_
                0x0000000000005c16       0x22 ../common/app/cpp/libcppapp.a(createComponent.cpp.obj)
                0x0000000000005c16                _ZSt13__copy_move_aILb0EN9__gnu_cxx17__normal_iteratorIPKPW2fwW15createComponent13ComponentDataSt6vectorIS5_SaIS5_EEEEPS5_ET1_T0_SE_SD_
 .text._ZSt4copyIN9__gnu_cxx17__normal_iteratorIPKPW2fwW15createComponent13ComponentDataSt6vectorIS5_SaIS5_EEEEPS5_ET0_T_SE_SD_
                0x0000000000005c38       0x1a ../common/app/cpp/libcppapp.a(createComponent.cpp.obj)
                0x0000000000005c38                _ZSt4copyIN9__gnu_cxx17__normal_iteratorIPKPW2fwW15createComponent13ComponentDataSt6vectorIS5_SaIS5_EEEEPS5_ET0_T_SE_SD_
 .text._ZNSt20__uninitialized_copyILb1EE13__uninit_copyIN9__gnu_cxx17__normal_iteratorIPKPW2fwW15createComponent13ComponentDataSt6vectorIS7_SaIS7_EEEEPS7_EET0_T_SG_SF_
                0x0000000000005c52       0x1a ../common/app/cpp/libcppapp.a(createComponent.cpp.obj)
                0x0000000000005c52                _ZNSt20__uninitialized_copyILb1EE13__uninit_copyIN9__gnu_cxx17__normal_iteratorIPKPW2fwW15createComponent13ComponentDataSt6vectorIS7_SaIS7_EEEEPS7_EET0_T_SG_SF_
 .text._ZSt18uninitialized_copyIN9__gnu_cxx17__normal_iteratorIPKPW2fwW15createComponent13ComponentDataSt6vectorIS5_SaIS5_EEEEPS5_ET0_T_SE_SD_
                0x0000000000005c6c       0x1a ../common/app/cpp/libcppapp.a(createComponent.cpp.obj)
                0x0000000000005c6c                _ZSt18uninitialized_copyIN9__gnu_cxx17__normal_iteratorIPKPW2fwW15createComponent13ComponentDataSt6vectorIS5_SaIS5_EEEEPS5_ET0_T_SE_SD_
 .text._ZSt22__uninitialized_copy_aIN9__gnu_cxx17__normal_iteratorIPKPW2fwW15createComponent13ComponentDataSt6vectorIS5_SaIS5_EEEEPS5_S5_ET0_T_SE_SD_RSaIT1_E
                0x0000000000005c86       0x1a ../common/app/cpp/libcppapp.a(createComponent.cpp.obj)
                0x0000000000005c86                _ZSt22__uninitialized_copy_aIN9__gnu_cxx17__normal_iteratorIPKPW2fwW15createComponent13ComponentDataSt6vectorIS5_SaIS5_EEEEPS5_S5_ET0_T_SE_SD_RSaIT1_E
 .text._ZNSt6vectorIPW2fwW15createComponent13ComponentDataSaIS3_EE20_M_allocate_and_copyIN9__gnu_cxx17__normal_iteratorIPKS3_S5_EEEEPS3_jT_SD_
                0x0000000000005ca0       0x38 ../common/app/cpp/libcppapp.a(createComponent.cpp.obj)
                0x0000000000005ca0                _ZNSt6vectorIPW2fwW15createComponent13ComponentDataSaIS3_EE20_M_allocate_and_copyIN9__gnu_cxx17__normal_iteratorIPKS3_S5_EEEEPS3_jT_SD_
 .text._ZNSt6vectorIPW2fwW15createComponent13ComponentDataSaIS3_EEaSERKS5_
                0x0000000000005cd8       0xba ../common/app/cpp/libcppapp.a(createComponent.cpp.obj)
                0x0000000000005cd8                _ZNSt6vectorIPW2fwW15createComponent13ComponentDataSaIS3_EEaSERKS5_
 .text._ZNW2fwW15createComponent13ComponentData6renderEv
                0x0000000000005d92       0x76 ../common/app/cpp/libcppapp.a(createComponent.cpp.obj)
                0x0000000000005d92                _ZNW2fwW15createComponent13ComponentData6renderEv
 .text._ZNW2fwW15createComponent13ComponentDataC2EPFSt6vectorIPS1_SaIS3_EEPS_W5state5StateRKS2_IiSaIiEEESC_
                0x0000000000005e08       0x96 ../common/app/cpp/libcppapp.a(createComponent.cpp.obj)
                0x0000000000005e08                _ZNW2fwW15createComponent13ComponentDataC2EPFSt6vectorIPS1_SaIS3_EEPS_W5state5StateRKS2_IiSaIiEEESC_
                0x0000000000005e08                _ZNW2fwW15createComponent13ComponentDataC1EPFSt6vectorIPS1_SaIS3_EEPS_W5state5StateRKS2_IiSaIiEEESC_
 .text._ZGIW2fwW15createComponent
                0x0000000000005e9e       0x12 ../common/app/cpp/libcppapp.a(createComponent.cpp.obj)
                0x0000000000005e9e                _ZGIW2fwW15createComponent
 .text._ZGIW2fwW9useEffect
                0x0000000000005eb0       0x1a ../common/app/cpp/libcppapp.a(useEffect.cpp.obj)
                0x0000000000005eb0                _ZGIW2fwW9useEffect
 .text._ZGIW2fwW9useButton
                0x0000000000005eca       0x1a ../common/app/cpp/libcppapp.a(useButton.cpp.obj)
                0x0000000000005eca                _ZGIW2fwW9useButton
 .text._ZGIW2fwW8useState
                0x0000000000005ee4       0x1a ../common/app/cpp/libcppapp.a(useState.cpp.obj)
                0x0000000000005ee4                _ZGIW2fwW8useState
 .text._ZGIW2fwW14useGlobalState
                0x0000000000005efe       0x1a ../common/app/cpp/libcppapp.a(useGlobalState.cpp.obj)
                0x0000000000005efe                _ZGIW2fwW14useGlobalState
 .text._ZGIW2fwW16useUnmountAction
                0x0000000000005f18       0x1a ../common/app/cpp/libcppapp.a(useUnmountAction.cpp.obj)
                0x0000000000005f18                _ZGIW2fwW16useUnmountAction
 .text._ZNW2fwW5queue10EventQueueC2Ev
                0x0000000000005f32       0x1a ../common/app/cpp/libcppapp.a(queue.cpp.obj)
                0x0000000000005f32                _ZNW2fwW5queue10EventQueueC2Ev
                0x0000000000005f32                _ZNW2fwW5queue10EventQueueC1Ev
 .text._ZNW2fwW5queue10EventQueueD2Ev
                0x0000000000005f4c        0x2 ../common/app/cpp/libcppapp.a(queue.cpp.obj)
                0x0000000000005f4c                _ZNW2fwW5queue10EventQueueD1Ev
                0x0000000000005f4c                _ZNW2fwW5queue10EventQueueD2Ev
 .text._ZNW2fwW5queue10EventQueue4pushERKSt7variantIJS_W5event13ModeDownEventS3_11ModeUpEventS3_14LightDownEventS3_12LightUpEventS3_14AlarmDownEventS3_12AlarmUpEventS3_9TickEventS3_13AuxTimerEventS3_10StateEventEE
                0x0000000000005f4e       0x34 ../common/app/cpp/libcppapp.a(queue.cpp.obj)
                0x0000000000005f4e                _ZNW2fwW5queue10EventQueue4pushERKSt7variantIJS_W5event13ModeDownEventS3_11ModeUpEventS3_14LightDownEventS3_12LightUpEventS3_14AlarmDownEventS3_12AlarmUpEventS3_9TickEventS3_13AuxTimerEventS3_10StateEventEE
 .text._ZNW2fwW5queue10EventQueue3popEv
                0x0000000000005f82       0x2c ../common/app/cpp/libcppapp.a(queue.cpp.obj)
                0x0000000000005f82                _ZNW2fwW5queue10EventQueue3popEv
 .text._ZNW2fwW5queue10EventQueue7isEmptyEv
                0x0000000000005fae       0x16 ../common/app/cpp/libcppapp.a(queue.cpp.obj)
                0x0000000000005fae                _ZNW2fwW5queue10EventQueue7isEmptyEv
 .text._ZGIW2fwW5queue
                0x0000000000005fc4       0x16 ../common/app/cpp/libcppapp.a(queue.cpp.obj)
                0x0000000000005fc4                _ZGIW2fwW5queue
 .text._ZZW2fwW14useGlobalState14useGlobalStateILh3EbES0_17GlobalActionValueIT0_EOKS3_ENUlPKvE_4_FUNES8_
                0x0000000000005fda        0x6 ../common/app/cpp/libcppapp.a(loop.cpp.obj)
                0x0000000000005fda                _ZZW2fwW14useGlobalState14useGlobalStateILh3EbES0_17GlobalActionValueIT0_EOKS3_ENUlPKvE_4_FUNES8_
 .text._ZNSt12_Vector_baseIiSaIiEED2Ev
                0x0000000000005fe0       0x14 ../common/app/cpp/libcppapp.a(loop.cpp.obj)
 .text._Z41__static_initialization_and_destruction_0ii
                0x0000000000005ff4       0x4c ../common/app/cpp/libcppapp.a(loop.cpp.obj)
 .text._ZW2fwW4loop13frameworkInitv
                0x0000000000006040       0x4e ../common/app/cpp/libcppapp.a(loop.cpp.obj)
                0x0000000000006040                _ZW2fwW4loop13frameworkInitv
 .text._ZW2fwW4loop10queueEventRKSt7variantIJS_W5event13ModeDownEventS2_11ModeUpEventS2_14LightDownEventS2_12LightUpEventS2_14AlarmDownEventS2_12AlarmUpEventS2_9TickEventS2_13AuxTimerEventS2_10StateEventEE
                0x000000000000608e        0xc ../common/app/cpp/libcppapp.a(loop.cpp.obj)
                0x000000000000608e                _ZW2fwW4loop10queueEventRKSt7variantIJS_W5event13ModeDownEventS2_11ModeUpEventS2_14LightDownEventS2_12LightUpEventS2_14AlarmDownEventS2_12AlarmUpEventS2_9TickEventS2_13AuxTimerEventS2_10StateEventEE
 .text._ZW2fwW4loop8getStatePKS_W15createComponent13ComponentData
                0x000000000000609a       0x3e ../common/app/cpp/libcppapp.a(loop.cpp.obj)
                0x000000000000609a                _ZW2fwW4loop8getStatePKS_W15createComponent13ComponentData
 .text._ZNW2fwW14useGlobalState17GlobalActionValueImE3setERKm
                0x00000000000060d8       0x6e ../common/app/cpp/libcppapp.a(loop.cpp.obj)
                0x00000000000060d8                _ZNW2fwW14useGlobalState17GlobalActionValueImE3setERKm
 .text._ZNW2fwW14useGlobalState17GlobalActionValueIbE3setERKb
                0x0000000000006146       0x58 ../common/app/cpp/libcppapp.a(loop.cpp.obj)
                0x0000000000006146                _ZNW2fwW14useGlobalState17GlobalActionValueIbE3setERKb
 .text._ZW2fwW14useGlobalState14useGlobalStateILh3EbES0_17GlobalActionValueIT0_EOKS3_
                0x000000000000619e       0x74 ../common/app/cpp/libcppapp.a(loop.cpp.obj)
                0x000000000000619e                _ZW2fwW14useGlobalState14useGlobalStateILh3EbES0_17GlobalActionValueIT0_EOKS3_
 .text._ZW2fwW4loop12processEventRKSt7variantIJS_W5event13ModeDownEventS2_11ModeUpEventS2_14LightDownEventS2_12LightUpEventS2_14AlarmDownEventS2_12AlarmUpEventS2_9TickEventS2_13AuxTimerEventS2_10StateEventEE
                0x0000000000006212      0x214 ../common/app/cpp/libcppapp.a(loop.cpp.obj)
                0x0000000000006212                _ZW2fwW4loop12processEventRKSt7variantIJS_W5event13ModeDownEventS2_11ModeUpEventS2_14LightDownEventS2_12LightUpEventS2_14AlarmDownEventS2_12AlarmUpEventS2_9TickEventS2_13AuxTimerEventS2_10StateEventEE
 .text._ZW2fwW4loop9workQueuev
                0x0000000000006426       0x40 ../common/app/cpp/libcppapp.a(loop.cpp.obj)
                0x0000000000006426                _ZW2fwW4loop9workQueuev
 .text._ZGIW2fwW4loop
                0x0000000000006466       0x2a ../common/app/cpp/libcppapp.a(loop.cpp.obj)
                0x0000000000006466                _ZGIW2fwW4loop
 .text._ZNSt12_Vector_baseIiSaIiEED2Ev
                0x0000000000006490       0x14 ../common/app/cpp/libcppapp.a(root.cpp.obj)
 .text._ZW2fwW4root4rootPS_W5state5StateRKSt6vectorIiSaIiEE
                0x00000000000064a4       0x64 ../common/app/cpp/libcppapp.a(root.cpp.obj)
                0x00000000000064a4                _ZW2fwW4root4rootPS_W5state5StateRKSt6vectorIiSaIiEE
 .text._ZGIW2fwW4root
                0x0000000000006508       0x22 ../common/app/cpp/libcppapp.a(root.cpp.obj)
                0x0000000000006508                _ZGIW2fwW4root
 .text._Z41__static_initialization_and_destruction_0ii
                0x000000000000652a       0x24 ../common/app/cpp/libcppapp.a(eventQueue.cpp.obj)
 .text._ZGIW2fwW10eventQueue
                0x000000000000654e       0x1e ../common/app/cpp/libcppapp.a(eventQueue.cpp.obj)
                0x000000000000654e                _ZGIW2fwW10eventQueue
 .text._ZNW2fwW5state5State7realizeEv
                0x000000000000656c      0x100 ../common/app/cpp/libcppapp.a(state.cpp.obj)
                0x000000000000656c                _ZNW2fwW5state5State7realizeEv
 .text._ZNW2fwW5state5State5layerERKS1_
                0x000000000000666c       0xda ../common/app/cpp/libcppapp.a(state.cpp.obj)
                0x000000000000666c                _ZNW2fwW5state5State5layerERKS1_
 .text._ZGIW2fwW5state
                0x0000000000006746        0xc ../common/app/cpp/libcppapp.a(state.cpp.obj)
                0x0000000000006746                _ZGIW2fwW5state
 .text._ZNW2fwW5event10StateEventC2EPS_W15createComponent13ComponentData
                0x0000000000006752        0x6 ../common/app/cpp/libcppapp.a(event.cpp.obj)
                0x0000000000006752                _ZNW2fwW5event10StateEventC2EPS_W15createComponent13ComponentData
                0x0000000000006752                _ZNW2fwW5event10StateEventC1EPS_W15createComponent13ComponentData
 .text._ZGIW2fwW5event
                0x0000000000006758       0x12 ../common/app/cpp/libcppapp.a(event.cpp.obj)
                0x0000000000006758                _ZGIW2fwW5event
 .text.svc_init
                0x000000000000676a        0x6 ../common/svc/libservice.a(init.c.obj)
                0x000000000000676a                svc_init
 .text.idx_from_char
                0x0000000000006770       0x5c ../common/svc/libservice.a(lcd.c.obj)
 .text.svc_lcd_map_get
                0x00000000000067cc       0x2c ../common/svc/libservice.a(lcd.c.obj)
 .text.svc_lcd_putc
                0x00000000000067f8       0x3c ../common/svc/libservice.a(lcd.c.obj)
                0x00000000000067f8                svc_lcd_putc
 .text.beep_backlight
                0x0000000000006834      0x110 hal/libhal.a(beepled.c.obj)
 .text.hal_beep
                0x0000000000006944       0x16 hal/libhal.a(beepled.c.obj)
                0x0000000000006944                hal_beep
 .text.hal_backlight_set
                0x000000000000695a       0x10 hal/libhal.a(beepled.c.obj)
                0x000000000000695a                hal_backlight_set
 .text.hal_aes_init
                0x000000000000696a        0xa hal/libhal.a(crypto.c.obj)
                0x000000000000696a                hal_aes_init
 .text.AES256_reset
                0x0000000000006974        0x8 hal/libhal.a(aes256.c.obj)
                0x0000000000006974                AES256_reset
 .text._ZNK10__cxxabiv117__class_type_info11__do_upcastEPKS0_PPv
                0x000000000000697c       0x46 /nix/store/f1idgwsw2ag93nb7lbycn2cs2h7ihf23-msp430-elf-stage-final-gcc-debug-12.1.0/lib/gcc/msp430-elf/12.1.0/../../../../msp430-elf/lib/no-exceptions/libstdc++.a(class_type_info.o)
                0x000000000000697c                __cxxabiv1::__class_type_info::__do_upcast(__cxxabiv1::__class_type_info const*, void**) const
 .text._ZNK10__cxxabiv117__class_type_info20__do_find_public_srcEiPKvPKS0_S2_
                0x00000000000069c2       0x10 /nix/store/f1idgwsw2ag93nb7lbycn2cs2h7ihf23-msp430-elf-stage-final-gcc-debug-12.1.0/lib/gcc/msp430-elf/12.1.0/../../../../msp430-elf/lib/no-exceptions/libstdc++.a(class_type_info.o)
                0x00000000000069c2                __cxxabiv1::__class_type_info::__do_find_public_src(int, void const*, __cxxabiv1::__class_type_info const*, void const*) const
 .text._ZN10__cxxabiv117__class_type_infoD2Ev
                0x00000000000069d2        0xc /nix/store/f1idgwsw2ag93nb7lbycn2cs2h7ihf23-msp430-elf-stage-final-gcc-debug-12.1.0/lib/gcc/msp430-elf/12.1.0/../../../../msp430-elf/lib/no-exceptions/libstdc++.a(class_type_info.o)
                0x00000000000069d2                __cxxabiv1::__class_type_info::~__class_type_info()
                0x00000000000069d2                __cxxabiv1::__class_type_info::~__class_type_info()
 .text._ZN10__cxxabiv117__class_type_infoD0Ev
                0x00000000000069de       0x1a /nix/store/f1idgwsw2ag93nb7lbycn2cs2h7ihf23-msp430-elf-stage-final-gcc-debug-12.1.0/lib/gcc/msp430-elf/12.1.0/../../../../msp430-elf/lib/no-exceptions/libstdc++.a(class_type_info.o)
                0x00000000000069de                __cxxabiv1::__class_type_info::~__class_type_info()
 .text._ZNK10__cxxabiv117__class_type_info11__do_upcastEPKS0_PKvRNS0_15__upcast_resultE
                0x00000000000069f8       0x50 /nix/store/f1idgwsw2ag93nb7lbycn2cs2h7ihf23-msp430-elf-stage-final-gcc-debug-12.1.0/lib/gcc/msp430-elf/12.1.0/../../../../msp430-elf/lib/no-exceptions/libstdc++.a(class_type_info.o)
                0x00000000000069f8                __cxxabiv1::__class_type_info::__do_upcast(__cxxabiv1::__class_type_info const*, void const*, __cxxabiv1::__class_type_info::__upcast_result&) const
 .text._ZNK10__cxxabiv117__class_type_info10__do_catchEPKSt9type_infoPPvj
                0x0000000000006a48       0x64 /nix/store/f1idgwsw2ag93nb7lbycn2cs2h7ihf23-msp430-elf-stage-final-gcc-debug-12.1.0/lib/gcc/msp430-elf/12.1.0/../../../../msp430-elf/lib/no-exceptions/libstdc++.a(class_type_info.o)
                0x0000000000006a48                __cxxabiv1::__class_type_info::__do_catch(std::type_info const*, void**, unsigned int) const
 .text._ZNK10__cxxabiv117__class_type_info12__do_dyncastEiNS0_10__sub_kindEPKS0_PKvS3_S5_RNS0_16__dyncast_resultE
                0x0000000000006aac       0x9c /nix/store/f1idgwsw2ag93nb7lbycn2cs2h7ihf23-msp430-elf-stage-final-gcc-debug-12.1.0/lib/gcc/msp430-elf/12.1.0/../../../../msp430-elf/lib/no-exceptions/libstdc++.a(class_type_info.o)
                0x0000000000006aac                __cxxabiv1::__class_type_info::__do_dyncast(int, __cxxabiv1::__class_type_info::__sub_kind, __cxxabiv1::__class_type_info const*, void const*, __cxxabiv1::__class_type_info const*, void const*, __cxxabiv1::__class_type_info::__dyncast_result&) const
 .text._ZdlPvj  0x0000000000006b48        0x6 /nix/store/f1idgwsw2ag93nb7lbycn2cs2h7ihf23-msp430-elf-stage-final-gcc-debug-12.1.0/lib/gcc/msp430-elf/12.1.0/../../../../msp430-elf/lib/no-exceptions/libstdc++.a(del_ops.o)
                0x0000000000006b48                operator delete(void*, unsigned int)
 .text.__cxa_guard_acquire
                0x0000000000006b4e       0x1c /nix/store/f1idgwsw2ag93nb7lbycn2cs2h7ihf23-msp430-elf-stage-final-gcc-debug-12.1.0/lib/gcc/msp430-elf/12.1.0/../../../../msp430-elf/lib/no-exceptions/libstdc++.a(guard.o)
                0x0000000000006b4e                __cxa_guard_acquire
 .text.__cxa_guard_release
                0x0000000000006b6a        0xa /nix/store/f1idgwsw2ag93nb7lbycn2cs2h7ihf23-msp430-elf-stage-final-gcc-debug-12.1.0/lib/gcc/msp430-elf/12.1.0/../../../../msp430-elf/lib/no-exceptions/libstdc++.a(guard.o)
                0x0000000000006b6a                __cxa_guard_release
 .text._Znwj    0x0000000000006b74       0x28 /nix/store/f1idgwsw2ag93nb7lbycn2cs2h7ihf23-msp430-elf-stage-final-gcc-debug-12.1.0/lib/gcc/msp430-elf/12.1.0/../../../../msp430-elf/lib/no-exceptions/libstdc++.a(new_op.o)
                0x0000000000006b74                operator new(unsigned int)
 .text._ZN10__cxxabiv120__si_class_type_infoD2Ev
                0x0000000000006b9c        0xc /nix/store/f1idgwsw2ag93nb7lbycn2cs2h7ihf23-msp430-elf-stage-final-gcc-debug-12.1.0/lib/gcc/msp430-elf/12.1.0/../../../../msp430-elf/lib/no-exceptions/libstdc++.a(si_class_type_info.o)
                0x0000000000006b9c                __cxxabiv1::__si_class_type_info::~__si_class_type_info()
                0x0000000000006b9c                __cxxabiv1::__si_class_type_info::~__si_class_type_info()
 .text._ZN10__cxxabiv120__si_class_type_infoD0Ev
                0x0000000000006ba8       0x1c /nix/store/f1idgwsw2ag93nb7lbycn2cs2h7ihf23-msp430-elf-stage-final-gcc-debug-12.1.0/lib/gcc/msp430-elf/12.1.0/../../../../msp430-elf/lib/no-exceptions/libstdc++.a(si_class_type_info.o)
                0x0000000000006ba8                __cxxabiv1::__si_class_type_info::~__si_class_type_info()
 .text._ZNK10__cxxabiv120__si_class_type_info12__do_dyncastEiNS_17__class_type_info10__sub_kindEPKS1_PKvS4_S6_RNS1_16__dyncast_resultE
                0x0000000000006bc4       0xf2 /nix/store/f1idgwsw2ag93nb7lbycn2cs2h7ihf23-msp430-elf-stage-final-gcc-debug-12.1.0/lib/gcc/msp430-elf/12.1.0/../../../../msp430-elf/lib/no-exceptions/libstdc++.a(si_class_type_info.o)
                0x0000000000006bc4                __cxxabiv1::__si_class_type_info::__do_dyncast(int, __cxxabiv1::__class_type_info::__sub_kind, __cxxabiv1::__class_type_info const*, void const*, __cxxabiv1::__class_type_info const*, void const*, __cxxabiv1::__class_type_info::__dyncast_result&) const
 .text._ZNK10__cxxabiv120__si_class_type_info20__do_find_public_srcEiPKvPKNS_17__class_type_infoES2_
                0x0000000000006cb6       0x6e /nix/store/f1idgwsw2ag93nb7lbycn2cs2h7ihf23-msp430-elf-stage-final-gcc-debug-12.1.0/lib/gcc/msp430-elf/12.1.0/../../../../msp430-elf/lib/no-exceptions/libstdc++.a(si_class_type_info.o)
                0x0000000000006cb6                __cxxabiv1::__si_class_type_info::__do_find_public_src(int, void const*, __cxxabiv1::__class_type_info const*, void const*) const
 .text._ZNK10__cxxabiv120__si_class_type_info11__do_upcastEPKNS_17__class_type_infoEPKvRNS1_15__upcast_resultE
                0x0000000000006d24       0x2e /nix/store/f1idgwsw2ag93nb7lbycn2cs2h7ihf23-msp430-elf-stage-final-gcc-debug-12.1.0/lib/gcc/msp430-elf/12.1.0/../../../../msp430-elf/lib/no-exceptions/libstdc++.a(si_class_type_info.o)
                0x0000000000006d24                __cxxabiv1::__si_class_type_info::__do_upcast(__cxxabiv1::__class_type_info const*, void const*, __cxxabiv1::__class_type_info::__upcast_result&) const
 .text._ZNSt9type_infoD2Ev
                0x0000000000006d52        0x2 /nix/store/f1idgwsw2ag93nb7lbycn2cs2h7ihf23-msp430-elf-stage-final-gcc-debug-12.1.0/lib/gcc/msp430-elf/12.1.0/../../../../msp430-elf/lib/no-exceptions/libstdc++.a(tinfo.o)
                0x0000000000006d52                std::type_info::~type_info()
                0x0000000000006d52                std::type_info::~type_info()
 .text._ZNKSt9type_info14__is_pointer_pEv
                0x0000000000006d54        0x4 /nix/store/f1idgwsw2ag93nb7lbycn2cs2h7ihf23-msp430-elf-stage-final-gcc-debug-12.1.0/lib/gcc/msp430-elf/12.1.0/../../../../msp430-elf/lib/no-exceptions/libstdc++.a(tinfo.o)
                0x0000000000006d54                std::type_info::__is_function_p() const
                0x0000000000006d54                std::type_info::__is_pointer_p() const
 .text.unlikely._ZSt17__throw_bad_allocv
                0x0000000000006d58        0x4 /nix/store/f1idgwsw2ag93nb7lbycn2cs2h7ihf23-msp430-elf-stage-final-gcc-debug-12.1.0/lib/gcc/msp430-elf/12.1.0/../../../../msp430-elf/lib/no-exceptions/libstdc++.a(functexcept.o)
                0x0000000000006d58                std::__throw_bad_alloc()
 .text.unlikely._ZSt28__throw_bad_array_new_lengthv
                0x0000000000006d5c        0x4 /nix/store/f1idgwsw2ag93nb7lbycn2cs2h7ihf23-msp430-elf-stage-final-gcc-debug-12.1.0/lib/gcc/msp430-elf/12.1.0/../../../../msp430-elf/lib/no-exceptions/libstdc++.a(functexcept.o)
                0x0000000000006d5c                std::__throw_bad_array_new_length()
 .text.unlikely._ZSt20__throw_length_errorPKc
                0x0000000000006d60        0x4 /nix/store/f1idgwsw2ag93nb7lbycn2cs2h7ihf23-msp430-elf-stage-final-gcc-debug-12.1.0/lib/gcc/msp430-elf/12.1.0/../../../../msp430-elf/lib/no-exceptions/libstdc++.a(functexcept.o)
                0x0000000000006d60                std::__throw_length_error(char const*)
 .text._ZdlPv   0x0000000000006d64        0x6 /nix/store/f1idgwsw2ag93nb7lbycn2cs2h7ihf23-msp430-elf-stage-final-gcc-debug-12.1.0/lib/gcc/msp430-elf/12.1.0/../../../../msp430-elf/lib/no-exceptions/libstdc++.a(del_op.o)
                0x0000000000006d64                operator delete(void*)
 .text._ZSt15get_new_handlerv
                0x0000000000006d6a        0x6 /nix/store/f1idgwsw2ag93nb7lbycn2cs2h7ihf23-msp430-elf-stage-final-gcc-debug-12.1.0/lib/gcc/msp430-elf/12.1.0/../../../../msp430-elf/lib/no-exceptions/libstdc++.a(new_handler.o)
                0x0000000000006d6a                std::get_new_handler()
 .text.udivmodsi4
                0x0000000000006d70       0x7c /nix/store/f1idgwsw2ag93nb7lbycn2cs2h7ihf23-msp430-elf-stage-final-gcc-debug-12.1.0/lib/gcc/msp430-elf/12.1.0/no-exceptions/libgcc.a(lib2divSI.o)
                0x0000000000006d70                udivmodsi4
 .text.__divsi3
                0x0000000000006dec       0x48 /nix/store/f1idgwsw2ag93nb7lbycn2cs2h7ihf23-msp430-elf-stage-final-gcc-debug-12.1.0/lib/gcc/msp430-elf/12.1.0/no-exceptions/libgcc.a(lib2divSI.o)
                0x0000000000006dec                __mspabi_divli
 .text.__udivsi3
                0x0000000000006e34        0xe /nix/store/f1idgwsw2ag93nb7lbycn2cs2h7ihf23-msp430-elf-stage-final-gcc-debug-12.1.0/lib/gcc/msp430-elf/12.1.0/no-exceptions/libgcc.a(lib2divSI.o)
                0x0000000000006e34                __mspabi_divul
                0x0000000000006e34                __mspabi_divlu
 .text.__umodsi3
                0x0000000000006e42        0xe /nix/store/f1idgwsw2ag93nb7lbycn2cs2h7ihf23-msp430-elf-stage-final-gcc-debug-12.1.0/lib/gcc/msp430-elf/12.1.0/no-exceptions/libgcc.a(lib2divSI.o)
                0x0000000000006e42                __mspabi_remul
 .text.__mspabi_slli
                0x0000000000006e50        0xa /nix/store/f1idgwsw2ag93nb7lbycn2cs2h7ihf23-msp430-elf-stage-final-gcc-debug-12.1.0/lib/gcc/msp430-elf/12.1.0/no-exceptions/libgcc.a(slli.o)
                0x0000000000006e54                __mspabi_slli
 .text.__mspabi_slll_n
                0x0000000000006e5a       0x3e /nix/store/f1idgwsw2ag93nb7lbycn2cs2h7ihf23-msp430-elf-stage-final-gcc-debug-12.1.0/lib/gcc/msp430-elf/12.1.0/no-exceptions/libgcc.a(slli.o)
                0x0000000000006e5a                __mspabi_slll_15
                0x0000000000006e5e                __mspabi_slll_14
                0x0000000000006e62                __mspabi_slll_13
                0x0000000000006e66                __mspabi_slll_12
                0x0000000000006e6a                __mspabi_slll_11
                0x0000000000006e6e                __mspabi_slll_10
                0x0000000000006e72                __mspabi_slll_9
                0x0000000000006e76                __mspabi_slll_8
                0x0000000000006e7a                __mspabi_slll_7
                0x0000000000006e7e                __mspabi_slll_6
                0x0000000000006e82                __mspabi_slll_5
                0x0000000000006e86                __mspabi_slll_4
                0x0000000000006e8a                __mspabi_slll_3
                0x0000000000006e8e                __mspabi_slll_2
                0x0000000000006e92                __mspabi_slll_1
 .text.__mspabi_srll_n
                0x0000000000006e98       0x5c /nix/store/f1idgwsw2ag93nb7lbycn2cs2h7ihf23-msp430-elf-stage-final-gcc-debug-12.1.0/lib/gcc/msp430-elf/12.1.0/no-exceptions/libgcc.a(srli.o)
                0x0000000000006e98                __mspabi_srll_15
                0x0000000000006e9e                __mspabi_srll_14
                0x0000000000006ea4                __mspabi_srll_13
                0x0000000000006eaa                __mspabi_srll_12
                0x0000000000006eb0                __mspabi_srll_11
                0x0000000000006eb6                __mspabi_srll_10
                0x0000000000006ebc                __mspabi_srll_9
                0x0000000000006ec2                __mspabi_srll_8
                0x0000000000006ec8                __mspabi_srll_7
                0x0000000000006ece                __mspabi_srll_6
                0x0000000000006ed4                __mspabi_srll_5
                0x0000000000006eda                __mspabi_srll_4
                0x0000000000006ee0                __mspabi_srll_3
                0x0000000000006ee6                __mspabi_srll_2
                0x0000000000006eec                __mspabi_srll_1
 .text.__mspabi_srlll
                0x0000000000006ef4       0x20 /nix/store/f1idgwsw2ag93nb7lbycn2cs2h7ihf23-msp430-elf-stage-final-gcc-debug-12.1.0/lib/gcc/msp430-elf/12.1.0/no-exceptions/libgcc.a(srli.o)
                0x0000000000006ef4                __mspabi_srlll
 .text.__mulhi2
                0x0000000000006f14       0x14 /nix/store/f1idgwsw2ag93nb7lbycn2cs2h7ihf23-msp430-elf-stage-final-gcc-debug-12.1.0/lib/gcc/msp430-elf/12.1.0/no-exceptions/libmul_f5.a(lib2hw_mul_f5.o)
                0x0000000000006f14                __mulhi2
                0x0000000000006f14                __mspabi_mpyi_f5hw
                0x0000000000006f14                __mspabi_mpyi
 .text.__umulhisi2
                0x0000000000006f28       0x18 /nix/store/f1idgwsw2ag93nb7lbycn2cs2h7ihf23-msp430-elf-stage-final-gcc-debug-12.1.0/lib/gcc/msp430-elf/12.1.0/no-exceptions/libmul_f5.a(lib2hw_mul_f5.o)
                0x0000000000006f28                __umulhisi2
                0x0000000000006f28                __mspabi_mpyul_f5hw
                0x0000000000006f28                __mspabi_mpyul
 .text.__umulsidi2
                0x0000000000006f40       0x28 /nix/store/f1idgwsw2ag93nb7lbycn2cs2h7ihf23-msp430-elf-stage-final-gcc-debug-12.1.0/lib/gcc/msp430-elf/12.1.0/no-exceptions/libmul_f5.a(lib2hw_mul_f5.o)
                0x0000000000006f40                __umulsidi2
                0x0000000000006f40                __mspabi_mpyull_f5hw
                0x0000000000006f40                __mspabi_mpyull
 .text.abort    0x0000000000006f68        0xe /nix/store/xwlvwp1rmp24gg1s2d7jjw6d5yi6x270-msp430-newlib-msp430-elf-4.1.0/msp430-elf/lib/libc.a(lib_a-abort.o)
                0x0000000000006f68                abort
 .text.__cxa_atexit
                0x0000000000006f76        0xe /nix/store/xwlvwp1rmp24gg1s2d7jjw6d5yi6x270-msp430-newlib-msp430-elf-4.1.0/msp430-elf/lib/libc.a(lib_a-cxa_atexit.o)
                0x0000000000006f76                __cxa_atexit
 .text.malloc   0x0000000000006f84        0xc /nix/store/xwlvwp1rmp24gg1s2d7jjw6d5yi6x270-msp430-newlib-msp430-elf-4.1.0/msp430-elf/lib/libc.a(lib_a-malloc.o)
                0x0000000000006f84                malloc
 .text.free     0x0000000000006f90        0xc /nix/store/xwlvwp1rmp24gg1s2d7jjw6d5yi6x270-msp430-newlib-msp430-elf-4.1.0/msp430-elf/lib/libc.a(lib_a-malloc.o)
                0x0000000000006f90                free
 .text.memcpy   0x0000000000006f9c       0x1c /nix/store/xwlvwp1rmp24gg1s2d7jjw6d5yi6x270-msp430-newlib-msp430-elf-4.1.0/msp430-elf/lib/libc.a(lib_a-memcpy.o)
                0x0000000000006f9c                memcpy
 .text.memmove  0x0000000000006fb8       0x44 /nix/store/xwlvwp1rmp24gg1s2d7jjw6d5yi6x270-msp430-newlib-msp430-elf-4.1.0/msp430-elf/lib/libc.a(lib_a-memmove.o)
                0x0000000000006fb8                memmove
 .text.memset   0x0000000000006ffc       0x12 /nix/store/xwlvwp1rmp24gg1s2d7jjw6d5yi6x270-msp430-newlib-msp430-elf-4.1.0/msp430-elf/lib/libc.a(lib_a-memset.o)
                0x0000000000006ffc                memset
 .text._free_r  0x000000000000700e      0x104 /nix/store/xwlvwp1rmp24gg1s2d7jjw6d5yi6x270-msp430-newlib-msp430-elf-4.1.0/msp430-elf/lib/libc.a(lib_a-nano-freer.o)
                0x000000000000700e                _free_r
 .text._malloc_r
                0x0000000000007112      0x10c /nix/store/xwlvwp1rmp24gg1s2d7jjw6d5yi6x270-msp430-newlib-msp430-elf-4.1.0/msp430-elf/lib/libc.a(lib_a-nano-mallocr.o)
                0x0000000000007112                _malloc_r
 .text._sbrk_r  0x000000000000721e       0x22 /nix/store/xwlvwp1rmp24gg1s2d7jjw6d5yi6x270-msp430-newlib-msp430-elf-4.1.0/msp430-elf/lib/libc.a(lib_a-sbrkr.o)
                0x000000000000721e                _sbrk_r
 .text._raise_r
                0x0000000000007240       0x60 /nix/store/xwlvwp1rmp24gg1s2d7jjw6d5yi6x270-msp430-newlib-msp430-elf-4.1.0/msp430-elf/lib/libc.a(lib_a-signal.o)
                0x0000000000007240                _raise_r
 .text.raise    0x00000000000072a0        0xc /nix/store/xwlvwp1rmp24gg1s2d7jjw6d5yi6x270-msp430-newlib-msp430-elf-4.1.0/msp430-elf/lib/libc.a(lib_a-signal.o)
                0x00000000000072a0                raise
 .text._kill_r  0x00000000000072ac       0x24 /nix/store/xwlvwp1rmp24gg1s2d7jjw6d5yi6x270-msp430-newlib-msp430-elf-4.1.0/msp430-elf/lib/libc.a(lib_a-signalr.o)
                0x00000000000072ac                _kill_r
 .text._getpid_r
                0x00000000000072d0        0x6 /nix/store/xwlvwp1rmp24gg1s2d7jjw6d5yi6x270-msp430-newlib-msp430-elf-4.1.0/msp430-elf/lib/libc.a(lib_a-signalr.o)
                0x00000000000072d0                _getpid_r
 .text.strcmp   0x00000000000072d6       0x1e /nix/store/xwlvwp1rmp24gg1s2d7jjw6d5yi6x270-msp430-newlib-msp430-elf-4.1.0/msp430-elf/lib/libc.a(lib_a-strcmp.o)
                0x00000000000072d6                strcmp
 .text.__register_exitproc
                0x00000000000072f4       0xe4 /nix/store/xwlvwp1rmp24gg1s2d7jjw6d5yi6x270-msp430-newlib-msp430-elf-4.1.0/msp430-elf/lib/libc.a(lib_a-__atexit.o)
                0x00000000000072f4                __register_exitproc
 .text.startup.register_fini
                0x00000000000073d8       0x12 /nix/store/xwlvwp1rmp24gg1s2d7jjw6d5yi6x270-msp430-newlib-msp430-elf-4.1.0/msp430-elf/lib/libc.a(lib_a-__call_atexit.o)
 .text.atexit   0x00000000000073ea        0xe /nix/store/xwlvwp1rmp24gg1s2d7jjw6d5yi6x270-msp430-newlib-msp430-elf-4.1.0/msp430-elf/lib/libc.a(lib_a-atexit.o)
                0x00000000000073ea                atexit
 .text.__libc_fini_array
                0x00000000000073f8       0x26 /nix/store/xwlvwp1rmp24gg1s2d7jjw6d5yi6x270-msp430-newlib-msp430-elf-4.1.0/msp430-elf/lib/libc.a(lib_a-fini.o)
                0x00000000000073f8                __libc_fini_array
 .text.__retarget_lock_acquire_recursive
                0x000000000000741e        0x2 /nix/store/xwlvwp1rmp24gg1s2d7jjw6d5yi6x270-msp430-newlib-msp430-elf-4.1.0/msp430-elf/lib/libc.a(lib_a-lock.o)
                0x000000000000741e                __retarget_lock_acquire_recursive
 .text.__retarget_lock_release